Component: ARM Compiler 5.06 update 7 (build 960) Tool: armlink [4d3601]

==============================================================================

Section Cross References

    startup_stm32f103xb.o(STACK) refers (Special) to heapauxi.o(.text) for __use_two_region_memory
    startup_stm32f103xb.o(HEAP) refers (Special) to heapauxi.o(.text) for __use_two_region_memory
    startup_stm32f103xb.o(RESET) refers (Special) to heapauxi.o(.text) for __use_two_region_memory
    startup_stm32f103xb.o(RESET) refers to startup_stm32f103xb.o(STACK) for __initial_sp
    startup_stm32f103xb.o(RESET) refers to startup_stm32f103xb.o(.text) for Reset_Handler
    startup_stm32f103xb.o(RESET) refers to stm32f1xx_it.o(i.NMI_Handler) for NMI_Handler
    startup_stm32f103xb.o(RESET) refers to stm32f1xx_it.o(i.HardFault_Handler) for HardFault_Handler
    startup_stm32f103xb.o(RESET) refers to stm32f1xx_it.o(i.MemManage_Handler) for MemManage_Handler
    startup_stm32f103xb.o(RESET) refers to stm32f1xx_it.o(i.BusFault_Handler) for BusFault_Handler
    startup_stm32f103xb.o(RESET) refers to stm32f1xx_it.o(i.UsageFault_Handler) for UsageFault_Handler
    startup_stm32f103xb.o(RESET) refers to port.o(.emb_text) for SVC_Handler
    startup_stm32f103xb.o(RESET) refers to stm32f1xx_it.o(i.DebugMon_Handler) for DebugMon_Handler
    startup_stm32f103xb.o(RESET) refers to port.o(i.SysTick_Handler) for SysTick_Handler
    startup_stm32f103xb.o(RESET) refers to stm32f1xx_it.o(i.TIM1_UP_IRQHandler) for TIM1_UP_IRQHandler
    startup_stm32f103xb.o(.text) refers (Special) to heapauxi.o(.text) for __use_two_region_memory
    startup_stm32f103xb.o(.text) refers to system_stm32f1xx.o(i.SystemInit) for SystemInit
    startup_stm32f103xb.o(.text) refers to __main.o(!!!main) for __main
    startup_stm32f103xb.o(.text) refers to startup_stm32f103xb.o(HEAP) for Heap_Mem
    startup_stm32f103xb.o(.text) refers to startup_stm32f103xb.o(STACK) for Stack_Mem
    main.o(i.HAL_TIM_PeriodElapsedCallback) refers to stm32f1xx_hal.o(i.HAL_IncTick) for HAL_IncTick
    main.o(i.SystemClock_Config) refers to rt_memclr_w.o(.text) for __aeabi_memclr4
    main.o(i.SystemClock_Config) refers to stm32f1xx_hal_rcc.o(i.HAL_RCC_OscConfig) for HAL_RCC_OscConfig
    main.o(i.SystemClock_Config) refers to stm32f1xx_hal_rcc.o(i.HAL_RCC_ClockConfig) for HAL_RCC_ClockConfig
    main.o(i.main) refers to stm32f1xx_hal.o(i.HAL_Init) for HAL_Init
    main.o(i.main) refers to main.o(i.SystemClock_Config) for SystemClock_Config
    main.o(i.main) refers to gpio.o(i.MX_GPIO_Init) for MX_GPIO_Init
    main.o(i.main) refers to iic.o(i.IIC_GPIO_Init) for IIC_GPIO_Init
    main.o(i.main) refers to oled.o(i.OLED_init) for OLED_init
    main.o(i.main) refers to oled.o(i.OLED_clear) for OLED_clear
    main.o(i.main) refers to mpu6050.o(i.MPU_Init) for MPU_Init
    main.o(i.main) refers to stm32f1xx_hal.o(i.HAL_Delay) for HAL_Delay
    main.o(i.main) refers to inv_mpu.o(i.MPU_DMP_Init) for MPU_DMP_Init
    main.o(i.main) refers to oled.o(i.OLED_showString) for OLED_showString
    main.o(i.main) refers to cmsis_os2.o(i.osKernelInitialize) for osKernelInitialize
    main.o(i.main) refers to freertos.o(i.MX_FREERTOS_Init) for MX_FREERTOS_Init
    main.o(i.main) refers to cmsis_os2.o(i.osKernelStart) for osKernelStart
    gpio.o(i.MX_GPIO_Init) refers to stm32f1xx_hal_gpio.o(i.HAL_GPIO_WritePin) for HAL_GPIO_WritePin
    gpio.o(i.MX_GPIO_Init) refers to stm32f1xx_hal_gpio.o(i.HAL_GPIO_Init) for HAL_GPIO_Init
    freertos.o(i.MX_FREERTOS_Init) refers to cmsis_os2.o(i.osThreadNew) for osThreadNew
    freertos.o(i.MX_FREERTOS_Init) refers to freertos.o(.constdata) for .constdata
    freertos.o(i.MX_FREERTOS_Init) refers to freertos.o(i.StartTask_MPU_5ms) for StartTask_MPU_5ms
    freertos.o(i.MX_FREERTOS_Init) refers to freertos.o(.data) for .data
    freertos.o(i.MX_FREERTOS_Init) refers to freertos.o(i.StartTask_OLED_50ms) for StartTask_OLED_50ms
    freertos.o(i.StartTask_MPU_5ms) refers to mpu6050.o(i.MPU_GetData) for MPU_GetData
    freertos.o(i.StartTask_MPU_5ms) refers to mpu6050.o(i.MPU_Get_Accelerometer) for MPU_Get_Accelerometer
    freertos.o(i.StartTask_MPU_5ms) refers to mpu6050.o(i.MPU_Get_Gyroscope) for MPU_Get_Gyroscope
    freertos.o(i.StartTask_MPU_5ms) refers to cmsis_os2.o(i.osDelay) for osDelay
    freertos.o(i.StartTask_MPU_5ms) refers to freertos.o(.bss) for .bss
    freertos.o(i.StartTask_OLED_50ms) refers to ffix.o(x$fpl$ffix) for __aeabi_f2iz
    freertos.o(i.StartTask_OLED_50ms) refers to oled.o(i.OLED_showSignedNum) for OLED_showSignedNum
    freertos.o(i.StartTask_OLED_50ms) refers to cmsis_os2.o(i.osDelay) for osDelay
    freertos.o(i.StartTask_OLED_50ms) refers to freertos.o(.bss) for .bss
    freertos.o(i.StartTask_PID_20ms) refers to fflt_clz.o(x$fpl$fflt) for __aeabi_i2f
    freertos.o(i.StartTask_PID_20ms) refers to motor_control.o(i.Motor_verticalRingPD) for Motor_verticalRingPD
[...]
    xActiveTimerList2                        0x20000650   Data          20  timers.o(.bss)
    xStaticTimerQueue                        0x20000664   Data          80  timers.o(.bss)
    ucStaticTimerQueueStorage                0x200006b4   Data         160  timers.o(.bss)
    .bss                                     0x20000754   Section     1720  cmsis_os2.o(.bss)
    Idle_TCB                                 0x20000754   Data          92  cmsis_os2.o(.bss)
    Idle_Stack                               0x200007b0   Data         512  cmsis_os2.o(.bss)
    Timer_TCB                                0x200009b0   Data          92  cmsis_os2.o(.bss)
    Timer_Stack                              0x20000a0c   Data        1024  cmsis_os2.o(.bss)
    .bss                                     0x20000e0c   Section     3072  heap_4.o(.bss)
    ucHeap                                   0x20000e0c   Data        3072  heap_4.o(.bss)
    .bss                                     0x20001a0c   Section       16  inv_mpu_dmp_motion_driver.o(.bss)
    dmp                                      0x20001a0c   Data          16  inv_mpu_dmp_motion_driver.o(.bss)
    .bss                                     0x20001a1c   Section       96  libspace.o(.bss)
    HEAP                                     0x20001a80   Section      512  startup_stm32f103xb.o(HEAP)
    Heap_Mem                                 0x20001a80   Data         512  startup_stm32f103xb.o(HEAP)
    STACK                                    0x20001c80   Section     1024  startup_stm32f103xb.o(STACK)
    Stack_Mem                                0x20001c80   Data        1024  startup_stm32f103xb.o(STACK)
    __initial_sp                             0x20002080   Data           0  startup_stm32f103xb.o(STACK)

    Global Symbols

    Symbol Name                              Value     Ov Type        Size  Object(Section)

    BuildAttributes$$THM_ISAv4$P$D$K$B$S$PE$A:L22UL41UL21$X:L11$S22US41US21$IEEE1$IW$USESV6$~STKCKD$USESV7$~SHL$OTIME$ROPI$IEEEX$EBA8$UX$STANDARDLIB$REQ8$PRES8$EABIv2 0x00000000   Number         0  anon$$obj.o ABSOLUTE
    __ARM_use_no_argv                        0x00000000   Number         0  main.o ABSOLUTE
    __ARM_exceptions_init                     - Undefined Weak Reference
    __alloca_initialize                       - Undefined Weak Reference
    __arm_fini_                               - Undefined Weak Reference
    __arm_preinit_                            - Undefined Weak Reference
    __cpp_initialize__aeabi_                  - Undefined Weak Reference
    __cxa_finalize                            - Undefined Weak Reference
    __rt_locale                               - Undefined Weak Reference
    __sigvec_lookup                           - Undefined Weak Reference
    _atexit_init                              - Undefined Weak Reference
    _call_atexit_fns                          - Undefined Weak Reference
    _clock_init                               - Undefined Weak Reference
    _fp_trap_init                             - Undefined Weak Reference
    _fp_trap_shutdown                         - Undefined Weak Reference
    _get_lc_collate                           - Undefined Weak Reference
    _get_lc_ctype                             - Undefined Weak Reference
    _get_lc_monetary                          - Undefined Weak Reference
    _get_lc_numeric                           - Undefined Weak Reference
    _get_lc_time                              - Undefined Weak Reference
    _getenv_init                              - Undefined Weak Reference
    _handle_redirection                       - Undefined Weak Reference
    _init_alloc                               - Undefined Weak Reference
    _init_user_alloc                          - Undefined Weak Reference
    _initio                                   - Undefined Weak Reference
    _rand_init                                - Undefined Weak Reference
    _signal_finish                            - Undefined Weak Reference
    _signal_init                              - Undefined Weak Reference
    _terminate_alloc                          - Undefined Weak Reference
    _terminate_user_alloc                     - Undefined Weak Reference
    _terminateio                              - Undefined Weak Reference
    __Vectors_Size                           0x000000ec   Number         0  startup_stm32f103xb.o ABSOLUTE
    __Vectors                                0x08000000   Data           4  startup_stm32f103xb.o(RESET)
    __Vectors_End                            0x080000ec   Data           0  startup_stm32f103xb.o(RESET)
    __main                                   0x080000ed   Thumb Code     8  __main.o(!!!main)
    __scatterload                            0x080000f5   Thumb Code     0  __scatter.o(!!!scatter)
    __scatterload_rt2                        0x080000f5   Thumb Code    44  __scatter.o(!!!scatter)
    __scatterload_rt2_thumb_only             0x080000f5   Thumb Code     0  __scatter.o(!!!scatter)
    __scatterload_null                       0x08000103   Thumb Code     0  __scatter.o(!!!scatter)
    __scatterload_copy                       0x08000129   Thumb Code    26  __scatter_copy.o(!!handler_copy)
    __scatterload_zeroinit                   0x08000145   Thumb Code    28  __scatter_zi.o(!!handler_zi)
    __rt_lib_init                            0x08000161   Thumb Code     0  libinit.o(.ARM.Collect$$libinit$$00000000)
    __rt_lib_init_alloca_1                   0x08000163   Thumb Code     0  libinit2.o(.ARM.Collect$$libinit$$0000002E)
    __rt_lib_init_argv_1                     0x08000163   Thumb Code     0  libinit2.o(.ARM.Collect$$libinit$$0000002C)
    __rt_lib_init_atexit_1                   0x08000163   Thumb Code     0  libinit2.o(.ARM.Collect$$libinit$$0000001B)
    __rt_lib_init_clock_1                    0x08000163   Thumb Code     0  libinit2.o(.ARM.Collect$$libinit$$00000021)
    __rt_lib_init_cpp_1                      0x08000163   Thumb Code     0  libinit2.o(.ARM.Collect$$libinit$$00000032)
    __rt_lib_init_exceptions_1               0x08000163   Thumb Code     0  libinit2.o(.ARM.Collect$$libinit$$00000030)
    __rt_lib_init_fp_1                       0x08000163   Thumb Code     0  libinit2.o(.ARM.Collect$$libinit$$00000002)
    __rt_lib_init_fp_trap_1                  0x08000163   Thumb Code     0  libinit2.o(.ARM.Collect$$libinit$$0000001F)
    __rt_lib_init_getenv_1                   0x08000163   Thumb Code     0  libinit2.o(.ARM.Collect$$libinit$$00000023)
    __rt_lib_init_heap_1                     0x08000163   Thumb Code     0  libinit2.o(.ARM.Collect$$libinit$$0000000A)
    __rt_lib_init_lc_collate_1               0x08000163   Thumb Code     0  libinit2.o(.ARM.Collect$$libinit$$00000011)
    __rt_lib_init_lc_ctype_1                 0x08000163   Thumb Code     0  libinit2.o(.ARM.Collect$$libinit$$00000013)
    __rt_lib_init_lc_monetary_1              0x08000163   Thumb Code     0  libinit2.o(.ARM.Collect$$libinit$$00000015)
    __rt_lib_init_lc_numeric_1               0x08000163   Thumb Code     0  libinit2.o(.ARM.Collect$$libinit$$00000017)
    __rt_lib_init_lc_time_1                  0x08000163   Thumb Code     0  libinit2.o(.ARM.Collect$$libinit$$00000019)
    __rt_lib_init_preinit_1                  0x08000163   Thumb Code     0  libinit2.o(.ARM.Collect$$libinit$$00000004)
    __rt_lib_init_rand_1                     0x08000163   Thumb Code     0  libinit2.o(.ARM.Collect$$libinit$$0000000E)
    __rt_lib_init_return                     0x08000163   Thumb Code     0  libinit2.o(.ARM.Collect$$libinit$$00000033)
    __rt_lib_init_signal_1                   0x08000163   Thumb Code     0  libinit2.o(.ARM.Collect$$libinit$$0000001D)
    __rt_lib_init_stdio_1                    0x08000163   Thumb Code     0  libinit2.o(.ARM.Collect$$libinit$$00000025)
    __rt_lib_init_user_alloc_1               0x08000163   Thumb Code     0  libinit2.o(.ARM.Collect$$libinit$$0000000C)
    __rt_lib_shutdown                        0x08000165   Thumb Code     0  libshutdown.o(.ARM.Collect$$libshutdown$$00000000)
    __rt_lib_shutdown_cpp_1                  0x08000167   Thumb Code     0  libshutdown2.o(.ARM.Collect$$libshutdown$$00000004)
    __rt_lib_shutdown_fini_1                 0x08000167   Thumb Code     0  libshutdown2.o(.ARM.Collect$$libshutdown$$00000002)
    __rt_lib_shutdown_fp_trap_1              0x08000167   Thumb Code     0  libshutdown2.o(.ARM.Collect$$libshutdown$$00000009)
    __rt_lib_shutdown_heap_1                 0x08000167   Thumb Code     0  libshutdown2.o(.ARM.Collect$$libshutdown$$00000011)
    __rt_lib_shutdown_return                 0x08000167   Thumb Code     0  libshutdown2.o(.ARM.Collect$$libshutdown$$00000012)
    __rt_lib_shutdown_signal_1               0x08000167   Thumb Code     0  libshutdown2.o(.ARM.Collect$$libshutdown$$0000000C)
    __rt_lib_shutdown_stdio_1                0x08000167   Thumb Code     0  libshutdown2.o(.ARM.Collect$$libshutdown$$00000006)
    __rt_lib_shutdown_user_alloc_1           0x08000167   Thumb Code     0  libshutdown2.o(.ARM.Collect$$libshutdown$$0000000E)
    __rt_entry                               0x08000169   Thumb Code     0  __rtentry.o(.ARM.Collect$$rtentry$$00000000)
    __rt_entry_presh_1                       0x08000169   Thumb Code     0  __rtentry2.o(.ARM.Collect$$rtentry$$00000002)
    __rt_entry_sh                            0x08000169   Thumb Code     0  __rtentry4.o(.ARM.Collect$$rtentry$$00000004)
    __rt_entry_li                            0x0800016f   Thumb Code     0  __rtentry2.o(.ARM.Collect$$rtentry$$0000000A)
    __rt_entry_postsh_1                      0x0800016f   Thumb Code     0  __rtentry2.o(.ARM.Collect$$rtentry$$00000009)
    __rt_entry_main                          0x08000173   Thumb Code     0  __rtentry2.o(.ARM.Collect$$rtentry$$0000000D)
    __rt_entry_postli_1                      0x08000173   Thumb Code     0  __rtentry2.o(.ARM.Collect$$rtentry$$0000000C)
    __rt_exit                                0x0800017b   Thumb Code     0  rtexit.o(.ARM.Collect$$rtexit$$00000000)
    __rt_exit_ls                             0x0800017d   Thumb Code     0  rtexit2.o(.ARM.Collect$$rtexit$$00000003)
    __rt_exit_prels_1                        0x0800017d   Thumb Code     0  rtexit2.o(.ARM.Collect$$rtexit$$00000002)
    __rt_exit_exit                           0x08000181   Thumb Code     0  rtexit2.o(.ARM.Collect$$rtexit$$00000004)
    SVC_Handler                              0x08000189   Thumb Code    32  port.o(.emb_text)
    __asm___6_port_c_39a90d8d__prvStartFirstTask 0x080001ad   Thumb Code    28  port.o(.emb_text)
    PendSV_Handler                           0x080001cd   Thumb Code    72  port.o(.emb_text)
    vPortGetIPSR                             0x08000219   Thumb Code     6  port.o(.emb_text)
    Reset_Handler                            0x08000221   Thumb Code     8  startup_stm32f103xb.o(.text)
    ADC1_2_IRQHandler                        0x0800023b   Thumb Code     0  startup_stm32f103xb.o(.text)
    CAN1_RX1_IRQHandler                      0x0800023b   Thumb Code     0  startup_stm32f103xb.o(.text)
    CAN1_SCE_IRQHandler                      0x0800023b   Thumb Code     0  startup_stm32f103xb.o(.text)
    DMA1_Channel1_IRQHandler                 0x0800023b   Thumb Code     0  startup_stm32f103xb.o(.text)
    DMA1_Channel2_IRQHandler                 0x0800023b   Thumb Code     0  startup_stm32f103xb.o(.text)
    DMA1_Channel3_IRQHandler                 0x0800023b   Thumb Code     0  startup_stm32f103xb.o(.text)
    DMA1_Channel4_IRQHandler                 0x0800023b   Thumb Code     0  startup_stm32f103xb.o(.text)
    DMA1_Channel5_IRQHandler                 0x0800023b   Thumb Code     0  startup_stm32f103xb.o(.text)
    DMA1_Channel6_IRQHandler                 0x0800023b   Thumb Code     0  startup_stm32f103xb.o(.text)
    DMA1_Channel7_IRQHandler                 0x0800023b   Thumb Code     0  startup_stm32f103xb.o(.text)
    EXTI0_IRQHandler                         0x0800023b   Thumb Code     0  startup_stm32f103xb.o(.text)
    EXTI15_10_IRQHandler                     0x0800023b   Thumb Code     0  startup_stm32f103xb.o(.text)
    EXTI1_IRQHandler                         0x0800023b   Thumb Code     0  startup_stm32f103xb.o(.text)
    EXTI2_IRQHandler                         0x0800023b   Thumb Code     0  startup_stm32f103xb.o(.text)
    EXTI3_IRQHandler                         0x0800023b   Thumb Code     0  startup_stm32f103xb.o(.text)
    EXTI4_IRQHandler                         0x0800023b   Thumb Code     0  startup_stm32f103xb.o(.text)
    EXTI9_5_IRQHandler                       0x0800023b   Thumb Code     0  startup_stm32f103xb.o(.text)
    FLASH_IRQHandler                         0x0800023b   Thumb Code     0  startup_stm32f103xb.o(.text)
    I2C1_ER_IRQHandler                       0x0800023b   Thumb Code     0  startup_stm32f103xb.o(.text)
    I2C1_EV_IRQHandler                       0x0800023b   Thumb Code     0  startup_stm32f103xb.o(.text)
    I2C2_ER_IRQHandler                       0x0800023b   Thumb Code     0  startup_stm32f103xb.o(.text)
    I2C2_EV_IRQHandler                       0x0800023b   Thumb Code     0  startup_stm32f103xb.o(.text)
    PVD_IRQHandler                           0x0800023b   Thumb Code     0  startup_stm32f103xb.o(.text)
    RCC_IRQHandler                           0x0800023b   Thumb Code     0  startup_stm32f103xb.o(.text)
    RTC_Alarm_IRQHandler                     0x0800023b   Thumb Code     0  startup_stm32f103xb.o(.text)
    RTC_IRQHandler                           0x0800023b   Thumb Code     0  startup_stm32f103xb.o(.text)
    SPI1_IRQHandler                          0x0800023b   Thumb Code     0  startup_stm32f103xb.o(.text)
    SPI2_IRQHandler                          0x0800023b   Thumb Code     0  startup_stm32f103xb.o(.text)
    TAMPER_IRQHandler                        0x0800023b   Thumb Code     0  startup_stm32f103xb.o(.text)
    TIM1_BRK_IRQHandler                      0x0800023b   Thumb Code     0  startup_stm32f103xb.o(.text)
    TIM1_CC_IRQHandler                       0x0800023b   Thumb Code     0  startup_stm32f103xb.o(.text)
    TIM1_TRG_COM_IRQHandler                  0x0800023b   Thumb Code     0  startup_stm32f103xb.o(.text)
    TIM2_IRQHandler                          0x0800023b   Thumb Code     0  startup_stm32f103xb.o(.text)
    TIM3_IRQHandler                          0x0800023b   Thumb Code     0  startup_stm32f103xb.o(.text)
    TIM4_IRQHandler                          0x0800023b   Thumb Code     0  startup_stm32f103xb.o(.text)
    USART1_IRQHandler                        0x0800023b   Thumb Code     0  startup_stm32f103xb.o(.text)
    USART2_IRQHandler                        0x0800023b   Thumb Code     0  startup_stm32f103xb.o(.text)
    USART3_IRQHandler                        0x0800023b   Thumb Code     0  startup_stm32f103xb.o(.text)
    USBWakeUp_IRQHandler                     0x0800023b   Thumb Code     0  startup_stm32f103xb.o(.text)
    USB_HP_CAN1_TX_IRQHandler                0x0800023b   Thumb Code     0  startup_stm32f103xb.o(.text)
    USB_LP_CAN1_RX0_IRQHandler               0x0800023b   Thumb Code     0  startup_stm32f103xb.o(.text)
    WWDG_IRQHandler                          0x0800023b   Thumb Code     0  startup_stm32f103xb.o(.text)
    __user_initial_stackheap                 0x0800023d   Thumb Code     0  startup_stm32f103xb.o(.text)
    __aeabi_ldivmod                          0x08000261   Thumb Code     0  llsdiv.o(.text)
    _ll_sdiv                                 0x08000261   Thumb Code    72  llsdiv.o(.text)
    memcmp                                   0x080002a9   Thumb Code    88  memcmp.o(.text)
    __aeabi_memcpy                           0x08000301   Thumb Code     0  rt_memcpy_v6.o(.text)
    __rt_memcpy                              0x08000301   Thumb Code   138  rt_memcpy_v6.o(.text)
    _memcpy_lastbytes                        0x08000367   Thumb Code     0  rt_memcpy_v6.o(.text)
    __aeabi_memset                           0x0800038b   Thumb Code    16  aeabi_memset.o(.text)
    __aeabi_memclr4                          0x0800039b   Thumb Code     0  rt_memclr_w.o(.text)
    __aeabi_memclr8                          0x0800039b   Thumb Code     0  rt_memclr_w.o(.text)
    __rt_memclr_w                            0x0800039b   Thumb Code    78  rt_memclr_w.o(.text)
    _memset_w                                0x0800039f   Thumb Code     0  rt_memclr_w.o(.text)
    __use_two_region_memory                  0x080003e9   Thumb Code     2  heapauxi.o(.text)
    __rt_heap_escrow$2region                 0x080003eb   Thumb Code     2  heapauxi.o(.text)
    __rt_heap_expand$2region                 0x080003ed   Thumb Code     2  heapauxi.o(.text)
    __aeabi_uldivmod                         0x080003ef   Thumb Code     0  lludivv7m.o(.text)
    _ll_udiv                                 0x080003ef   Thumb Code   238  lludivv7m.o(.text)
    __read_errno                             0x080004dd   Thumb Code    10  _rserrno.o(.text)
    __set_errno                              0x080004e7   Thumb Code    12  _rserrno.o(.text)
    __aeabi_memcpy4                          0x080004f3   Thumb Code     0  rt_memcpy_w.o(.text)
    __aeabi_memcpy8                          0x080004f3   Thumb Code     0  rt_memcpy_w.o(.text)
    __rt_memcpy_w                            0x080004f3   Thumb Code   100  rt_memcpy_w.o(.text)
    _memcpy_lastbytes_aligned                0x0800053b   Thumb Code     0  rt_memcpy_w.o(.text)
    __aeabi_memclr                           0x08000557   Thumb Code     0  rt_memclr.o(.text)
    __rt_memclr                              0x08000557   Thumb Code    68  rt_memclr.o(.text)
    _memset                                  0x0800055b   Thumb Code     0  rt_memclr.o(.text)
    __aeabi_errno_addr                       0x0800059d   Thumb Code     8  rt_errno_addr_intlibspace.o(.text)
    __errno$intlibspace                      0x0800059d   Thumb Code     0  rt_errno_addr_intlibspace.o(.text)
    __rt_errno_addr$intlibspace              0x0800059d   Thumb Code     0  rt_errno_addr_intlibspace.o(.text)
    __user_libspace                          0x080005a5   Thumb Code     8  libspace.o(.text)
    __user_perproc_libspace                  0x080005a5   Thumb Code     0  libspace.o(.text)
    __user_perthread_libspace                0x080005a5   Thumb Code     0  libspace.o(.text)
    __user_setup_stackheap                   0x080005ad   Thumb Code    74  sys_stackheap_outer.o(.text)
    exit                                     0x080005f7   Thumb Code    18  exit.o(.text)
    _sys_exit                                0x08000609   Thumb Code     8  sys_exit.o(.text)
    __I$use$semihosting                      0x08000615   Thumb Code     0  use_no_semi.o(.text)
    __use_no_semihosting_swi                 0x08000615   Thumb Code     2  use_no_semi.o(.text)
    BusFault_Handler                         0x08000617   Thumb Code     2  stm32f1xx_it.o(i.BusFault_Handler)
    __semihosting_library_function           0x08000617   Thumb Code     0  indicate_semi.o(.text)
    DebugMon_Handler                         0x08000619   Thumb Code     2  stm32f1xx_it.o(i.DebugMon_Handler)
    HAL_Delay                                0x0800061d   Thumb Code    32  stm32f1xx_hal.o(i.HAL_Delay)
    HAL_GPIO_Init                            0x08000641   Thumb Code   446  stm32f1xx_hal_gpio.o(i.HAL_GPIO_Init)
    HAL_GPIO_ReadPin                         0x08000821   Thumb Code    10  stm32f1xx_hal_gpio.o(i.HAL_GPIO_ReadPin)
    HAL_GPIO_WritePin                        0x0800082b   Thumb Code    10  stm32f1xx_hal_gpio.o(i.HAL_GPIO_WritePin)
    HAL_GetTick                              0x08000835   Thumb Code     6  stm32f1xx_hal.o(i.HAL_GetTick)
    HAL_IncTick                              0x08000841   Thumb Code    12  stm32f1xx_hal.o(i.HAL_IncTick)
    HAL_Init                                 0x08000851   Thumb Code    32  stm32f1xx_hal.o(i.HAL_Init)
    HAL_InitTick                             0x08000875   Thumb Code   118  stm32f1xx_hal_timebase_tim.o(i.HAL_InitTick)
    HAL_MspInit                              0x08000901   Thumb Code    62  stm32f1xx_hal_msp.o(i.HAL_MspInit)
    HAL_NVIC_EnableIRQ                       0x08000949   Thumb Code    26  stm32f1xx_hal_cortex.o(i.HAL_NVIC_EnableIRQ)
    HAL_NVIC_SetPriority                     0x08000965   Thumb Code    60  stm32f1xx_hal_cortex.o(i.HAL_NVIC_SetPriority)
    HAL_NVIC_SetPriorityGrouping             0x080009a5   Thumb Code    26  stm32f1xx_hal_cortex.o(i.HAL_NVIC_SetPriorityGrouping)
    HAL_RCC_ClockConfig                      0x080009c9   Thumb Code   280  stm32f1xx_hal_rcc.o(i.HAL_RCC_ClockConfig)
    HAL_RCC_GetClockConfig                   0x08000af5   Thumb Code    54  stm32f1xx_hal_rcc.o(i.HAL_RCC_GetClockConfig)
    HAL_RCC_GetPCLK2Freq                     0x08000b35   Thumb Code    20  stm32f1xx_hal_rcc.o(i.HAL_RCC_GetPCLK2Freq)
    HAL_RCC_GetSysClockFreq                  0x08000b55   Thumb Code    58  stm32f1xx_hal_rcc.o(i.HAL_RCC_GetSysClockFreq)
    HAL_RCC_OscConfig                        0x08000ba1   Thumb Code   778  stm32f1xx_hal_rcc.o(i.HAL_RCC_OscConfig)
    HAL_TIMEx_BreakCallback                  0x08000ec1   Thumb Code     2  stm32f1xx_hal_tim_ex.o(i.HAL_TIMEx_BreakCallback)
    HAL_TIMEx_CommutCallback                 0x08000ec3   Thumb Code     2  stm32f1xx_hal_tim_ex.o(i.HAL_TIMEx_CommutCallback)
    HAL_TIM_Base_Init                        0x08000ec5   Thumb Code    90  stm32f1xx_hal_tim.o(i.HAL_TIM_Base_Init)
    HAL_TIM_Base_MspInit                     0x08000f1f   Thumb Code     2  stm32f1xx_hal_tim.o(i.HAL_TIM_Base_MspInit)
    HAL_TIM_Base_Start_IT                    0x08000f21   Thumb Code    76  stm32f1xx_hal_tim.o(i.HAL_TIM_Base_Start_IT)
    HAL_TIM_IC_CaptureCallback               0x08000f79   Thumb Code     2  stm32f1xx_hal_tim.o(i.HAL_TIM_IC_CaptureCallback)
    HAL_TIM_IRQHandler                       0x08000f7b   Thumb Code   358  stm32f1xx_hal_tim.o(i.HAL_TIM_IRQHandler)
    HAL_TIM_OC_DelayElapsedCallback          0x080010e1   Thumb Code     2  stm32f1xx_hal_tim.o(i.HAL_TIM_OC_DelayElapsedCallback)
    HAL_TIM_PWM_PulseFinishedCallback        0x080010e3   Thumb Code     2  stm32f1xx_hal_tim.o(i.HAL_TIM_PWM_PulseFinishedCallback)
    HAL_TIM_PeriodElapsedCallback            0x080010e5   Thumb Code    14  main.o(i.HAL_TIM_PeriodElapsedCallback)
    HAL_TIM_TriggerCallback                  0x080010f9   Thumb Code     2  stm32f1xx_hal_tim.o(i.HAL_TIM_TriggerCallback)
    HardFault_Handler                        0x080010fb   Thumb Code     2  stm32f1xx_it.o(i.HardFault_Handler)
    IIC_Ack                                  0x080010fd   Thumb Code    66  iic.o(i.IIC_Ack)
    IIC_GPIO_Init                            0x08001151   Thumb Code    52  iic.o(i.IIC_GPIO_Init)
    IIC_NAck                                 0x0800118d   Thumb Code    52  iic.o(i.IIC_NAck)
    IIC_Read_Byte                            0x080011c5   Thumb Code    96  iic.o(i.IIC_Read_Byte)
    IIC_Send_Byte                            0x08001229   Thumb Code    98  iic.o(i.IIC_Send_Byte)
    IIC_Start                                0x08001291   Thumb Code    64  iic.o(i.IIC_Start)
    IIC_Stop                                 0x080012d5   Thumb Code    46  iic.o(i.IIC_Stop)
    IIC_Wait_Ack                             0x08001309   Thumb Code    70  iic.o(i.IIC_Wait_Ack)
    MPU_DMP_Init                             0x08001355   Thumb Code   158  inv_mpu.o(i.MPU_DMP_Init)
    MPU_GetData                              0x080013f9   Thumb Code   442  mpu6050.o(i.MPU_GetData)
    MPU_Get_Accelerometer                    0x080015b9   Thumb Code    46  mpu6050.o(i.MPU_Get_Accelerometer)
    MPU_Get_Gyroscope                        0x080015e7   Thumb Code    46  mpu6050.o(i.MPU_Get_Gyroscope)
    MPU_Init                                 0x08001615   Thumb Code   118  mpu6050.o(i.MPU_Init)
    MPU_Read_Byte                            0x0800168b   Thumb Code    58  inv_mpu.o(i.MPU_Read_Byte)
    MPU_Read_Len                             0x080016c5   Thumb Code   108  inv_mpu.o(i.MPU_Read_Len)
    MPU_Run_Self_Test                        0x08001731   Thumb Code   118  inv_mpu.o(i.MPU_Run_Self_Test)
    MPU_Set_Accel_Fsr                        0x080017a7   Thumb Code    10  mpu6050.o(i.MPU_Set_Accel_Fsr)
    MPU_Set_Gyro_Fsr                         0x080017b1   Thumb Code    10  mpu6050.o(i.MPU_Set_Gyro_Fsr)
    MPU_Set_LPF                              0x080017bb   Thumb Code    48  mpu6050.o(i.MPU_Set_LPF)
    MPU_Set_Rate                             0x080017eb   Thumb Code    46  mpu6050.o(i.MPU_Set_Rate)
    MPU_Write_Byte                           0x08001819   Thumb Code    60  inv_mpu.o(i.MPU_Write_Byte)
    MPU_Write_Len                            0x08001855   Thumb Code    82  inv_mpu.o(i.MPU_Write_Len)
    MX_FREERTOS_Init                         0x080018a9   Thumb Code    32  freertos.o(i.MX_FREERTOS_Init)
    MX_GPIO_Init                             0x080018d9   Thumb Code   154  gpio.o(i.MX_GPIO_Init)
    MemManage_Handler                        0x08001981   Thumb Code     2  stm32f1xx_it.o(i.MemManage_Handler)
    NMI_Handler                              0x08001983   Thumb Code     2  stm32f1xx_it.o(i.NMI_Handler)
    OLED_I2C_Init                            0x08001985   Thumb Code    82  oled.o(i.OLED_I2C_Init)
    OLED_I2C_SendByte                        0x080019e1   Thumb Code    86  oled.o(i.OLED_I2C_SendByte)
    OLED_I2C_Start                           0x08001a3d   Thumb Code    52  oled.o(i.OLED_I2C_Start)
    OLED_I2C_Stop                            0x08001a75   Thumb Code    42  oled.o(i.OLED_I2C_Stop)
    OLED_clear                               0x08001aa5   Thumb Code    38  oled.o(i.OLED_clear)
    OLED_init                                0x08001acb   Thumb Code   172  oled.o(i.OLED_init)
    OLED_setCursor                           0x08001b77   Thumb Code    34  oled.o(i.OLED_setCursor)
    OLED_showChar                            0x08001b99   Thumb Code    98  oled.o(i.OLED_showChar)
    OLED_showSignedNum                       0x08001c01   Thumb Code   116  oled.o(i.OLED_showSignedNum)
    OLED_showString                          0x08001c79   Thumb Code    38  oled.o(i.OLED_showString)
    OLED_writeCommand                        0x08001c9f   Thumb Code    34  oled.o(i.OLED_writeCommand)
    OLED_writeData                           0x08001cc1   Thumb Code    34  oled.o(i.OLED_writeData)
    StartTask_MPU_5ms                        0x08001ce5   Thumb Code    30  freertos.o(i.StartTask_MPU_5ms)
    StartTask_OLED_50ms                      0x08001d09   Thumb Code    64  freertos.o(i.StartTask_OLED_50ms)
    SysTick_Handler                          0x08001d4d   Thumb Code    38  port.o(i.SysTick_Handler)
    SystemClock_Config                       0x08001d79   Thumb Code    94  main.o(i.SystemClock_Config)
    SystemInit                               0x08001dd7   Thumb Code     2  system_stm32f1xx.o(i.SystemInit)
    TIM1_UP_IRQHandler                       0x08001dd9   Thumb Code     6  stm32f1xx_it.o(i.TIM1_UP_IRQHandler)
    TIM_Base_SetConfig                       0x08001de5   Thumb Code    94  stm32f1xx_hal_tim.o(i.TIM_Base_SetConfig)
    UsageFault_Handler                       0x08001e51   Thumb Code     2  stm32f1xx_it.o(i.UsageFault_Handler)
    __ARM_fpclassify                         0x08001e53   Thumb Code    40  fpclassify.o(i.__ARM_fpclassify)
    __kernel_poly                            0x08001e9b   Thumb Code   170  poly.o(i.__kernel_poly)
    __mathlib_dbl_divzero                    0x08001f45   Thumb Code    12  dunder.o(i.__mathlib_dbl_divzero)
    __mathlib_dbl_infnan                     0x08001f55   Thumb Code     6  dunder.o(i.__mathlib_dbl_infnan)
    __mathlib_dbl_infnan2                    0x08001f5b   Thumb Code     4  dunder.o(i.__mathlib_dbl_infnan2)
    __mathlib_dbl_invalid                    0x08001f5f   Thumb Code    12  dunder.o(i.__mathlib_dbl_invalid)
    __mathlib_dbl_overflow                   0x08001f6b   Thumb Code    14  dunder.o(i.__mathlib_dbl_overflow)
    __mathlib_dbl_underflow                  0x08001f79   Thumb Code    10  dunder.o(i.__mathlib_dbl_underflow)
    _mpu_run_self_test                       0x08001f89   Thumb Code   234  inv_mpu.o(i._mpu_run_self_test)
    asin                                     0x080020f9   Thumb Code   572  asin.o(i.asin)
    atan                                     0x08002369   Thumb Code   474  atan.o(i.atan)
    atan2                                    0x08002589   Thumb Code   374  atan2.o(i.atan2)
    dmp_enable_6x_lp_quat                    0x08002725   Thumb Code    58  inv_mpu_dmp_motion_driver.o(i.dmp_enable_6x_lp_quat)
    dmp_enable_feature                       0x08002761   Thumb Code   464  inv_mpu_dmp_motion_driver.o(i.dmp_enable_feature)
    dmp_enable_gyro_cal                      0x08002939   Thumb Code    34  inv_mpu_dmp_motion_driver.o(i.dmp_enable_gyro_cal)
    dmp_enable_lp_quat                       0x08002975   Thumb Code    58  inv_mpu_dmp_motion_driver.o(i.dmp_enable_lp_quat)
    dmp_load_motion_driver_firmware          0x080029b1   Thumb Code    16  inv_mpu_dmp_motion_driver.o(i.dmp_load_motion_driver_firmware)
    dmp_read_fifo                            0x080029c5   Thumb Code   346  inv_mpu_dmp_motion_driver.o(i.dmp_read_fifo)
    dmp_set_accel_bias                       0x08002b25   Thumb Code   210  inv_mpu_dmp_motion_driver.o(i.dmp_set_accel_bias)
    dmp_set_fifo_rate                        0x08002bfd   Thumb Code    82  inv_mpu_dmp_motion_driver.o(i.dmp_set_fifo_rate)
    dmp_set_gyro_bias                        0x08002c61   Thumb Code   196  inv_mpu_dmp_motion_driver.o(i.dmp_set_gyro_bias)
    dmp_set_orientation                      0x08002d2d   Thumb Code   246  inv_mpu_dmp_motion_driver.o(i.dmp_set_orientation)
    dmp_set_shake_reject_thresh              0x08002e39   Thumb Code    48  inv_mpu_dmp_motion_driver.o(i.dmp_set_shake_reject_thresh)
    dmp_set_shake_reject_time                0x08002e69   Thumb Code    32  inv_mpu_dmp_motion_driver.o(i.dmp_set_shake_reject_time)
    dmp_set_shake_reject_timeout             0x08002e89   Thumb Code    32  inv_mpu_dmp_motion_driver.o(i.dmp_set_shake_reject_timeout)
    dmp_set_tap_axes                         0x08002ea9   Thumb Code    64  inv_mpu_dmp_motion_driver.o(i.dmp_set_tap_axes)
    dmp_set_tap_count                        0x08002ee9   Thumb Code    34  inv_mpu_dmp_motion_driver.o(i.dmp_set_tap_count)
    dmp_set_tap_thresh                       0x08002f0d   Thumb Code   274  inv_mpu_dmp_motion_driver.o(i.dmp_set_tap_thresh)
    dmp_set_tap_time                         0x08003035   Thumb Code    32  inv_mpu_dmp_motion_driver.o(i.dmp_set_tap_time)
    dmp_set_tap_time_multi                   0x08003055   Thumb Code    32  inv_mpu_dmp_motion_driver.o(i.dmp_set_tap_time_multi)
    inv_orientation_matrix_to_scalar         0x08003509   Thumb Code    34  inv_mpu.o(i.inv_orientation_matrix_to_scalar)
    inv_row_2_scale                          0x0800352b   Thumb Code    72  inv_mpu.o(i.inv_row_2_scale)
    main                                     0x08003575   Thumb Code    92  main.o(i.main)
    mpu_configure_fifo                       0x080035e9   Thumb Code    78  inv_mpu.o(i.mpu_configure_fifo)
    mpu_get_accel_fsr                        0x0800363d   Thumb Code    54  inv_mpu.o(i.mpu_get_accel_fsr)
    mpu_get_accel_sens                       0x08003679   Thumb Code    62  inv_mpu.o(i.mpu_get_accel_sens)
    mpu_get_gyro_fsr                         0x080036bd   Thumb Code    48  inv_mpu.o(i.mpu_get_gyro_fsr)
    mpu_get_gyro_sens                        0x080036f1   Thumb Code    44  inv_mpu.o(i.mpu_get_gyro_sens)
    mpu_get_lpf                              0x08003731   Thumb Code    52  inv_mpu.o(i.mpu_get_lpf)
    mpu_get_sample_rate                      0x08003769   Thumb Code    22  inv_mpu.o(i.mpu_get_sample_rate)
    mpu_init                                 0x08003785   Thumb Code   288  inv_mpu.o(i.mpu_init)
    mpu_load_firmware                        0x080038a9   Thumb Code   154  inv_mpu.o(i.mpu_load_firmware)
    mpu_lp_accel_mode                        0x08003949   Thumb Code   178  inv_mpu.o(i.mpu_lp_accel_mode)
    mpu_read_fifo_stream                     0x08003a01   Thumb Code   140  inv_mpu.o(i.mpu_read_fifo_stream)
    mpu_read_mem                             0x08003a91   Thumb Code    80  inv_mpu.o(i.mpu_read_mem)
    mpu_reset_fifo                           0x08003ae5   Thumb Code   346  inv_mpu.o(i.mpu_reset_fifo)
    mpu_set_accel_fsr                        0x08003c45   Thumb Code    98  inv_mpu.o(i.mpu_set_accel_fsr)
    mpu_set_bypass                           0x08003cad   Thumb Code   214  inv_mpu.o(i.mpu_set_bypass)
    mpu_set_dmp_state                        0x08003d89   Thumb Code   114  inv_mpu.o(i.mpu_set_dmp_state)
    mpu_set_gyro_fsr                         0x08003e01   Thumb Code   104  inv_mpu.o(i.mpu_set_gyro_fsr)
    mpu_set_int_latched                      0x08003e6d   Thumb Code    94  inv_mpu.o(i.mpu_set_int_latched)
    mpu_set_lpf                              0x08003ed1   Thumb Code   102  inv_mpu.o(i.mpu_set_lpf)
    mpu_set_sample_rate                      0x08003f3d   Thumb Code   124  inv_mpu.o(i.mpu_set_sample_rate)
    mpu_set_sensors                          0x08003fbd   Thumb Code   178  inv_mpu.o(i.mpu_set_sensors)
    mpu_write_mem                            0x08004075   Thumb Code    80  inv_mpu.o(i.mpu_write_mem)
    osDelay                                  0x080040c9   Thumb Code    46  cmsis_os2.o(i.osDelay)
    osKernelInitialize                       0x080040fd   Thumb Code    50  cmsis_os2.o(i.osKernelInitialize)
    osKernelStart                            0x08004135   Thumb Code    58  cmsis_os2.o(i.osKernelStart)
    osThreadNew                              0x08004175   Thumb Code   160  cmsis_os2.o(i.osThreadNew)
    pow                                      0x08004219   Thumb Code  2512  pow.o(i.pow)
    pvPortMalloc                             0x08005335   Thumb Code   210  heap_4.o(i.pvPortMalloc)
    pxPortInitialiseStack                    0x0800540d   Thumb Code    32  port.o(i.pxPortInitialiseStack)
    sqrt                                     0x08005489   Thumb Code    76  sqrt.o(i.sqrt)
    uxListRemove                             0x080054d5   Thumb Code    38  list.o(i.uxListRemove)
    vApplicationGetIdleTaskMemory            0x080054fd   Thumb Code    16  cmsis_os2.o(i.vApplicationGetIdleTaskMemory)
    vApplicationGetTimerTaskMemory           0x08005511   Thumb Code    18  cmsis_os2.o(i.vApplicationGetTimerTaskMemory)
    vListInitialise                          0x08005529   Thumb Code    22  list.o(i.vListInitialise)
    vListInitialiseItem                      0x0800553f   Thumb Code     6  list.o(i.vListInitialiseItem)
    vListInsert                              0x08005545   Thumb Code    48  list.o(i.vListInsert)
    vListInsertEnd                           0x08005575   Thumb Code    24  list.o(i.vListInsertEnd)
    vPortEnterCritical                       0x0800558d   Thumb Code    54  port.o(i.vPortEnterCritical)
    vPortExitCritical                        0x080055cd   Thumb Code    34  port.o(i.vPortExitCritical)
    vPortFree                                0x080055f5   Thumb Code    88  heap_4.o(i.vPortFree)
    vPortSetupTimerInterrupt                 0x08005651   Thumb Code    32  port.o(i.vPortSetupTimerInterrupt)
    vPortValidateInterruptPriority           0x08005675   Thumb Code    74  port.o(i.vPortValidateInterruptPriority)
    vQueueAddToRegistry                      0x080056c9   Thumb Code    34  queue.o(i.vQueueAddToRegistry)
    vQueueWaitForMessageRestricted           0x080056f1   Thumb Code    68  queue.o(i.vQueueWaitForMessageRestricted)
    vTaskDelay                               0x08005735   Thumb Code    66  tasks.o(i.vTaskDelay)
    vTaskInternalSetTimeOutState             0x08005781   Thumb Code    12  tasks.o(i.vTaskInternalSetTimeOutState)
    vTaskMissedYield                         0x08005791   Thumb Code     8  tasks.o(i.vTaskMissedYield)
    vTaskPlaceOnEventList                    0x0800579d   Thumb Code    44  tasks.o(i.vTaskPlaceOnEventList)
    vTaskPlaceOnEventListRestricted          0x080057cd   Thumb Code    52  tasks.o(i.vTaskPlaceOnEventListRestricted)
    vTaskStartScheduler                      0x08005805   Thumb Code   118  tasks.o(i.vTaskStartScheduler)
    vTaskSuspendAll                          0x0800588d   Thumb Code    10  tasks.o(i.vTaskSuspendAll)
    vTaskSwitchContext                       0x0800589d   Thumb Code    90  tasks.o(i.vTaskSwitchContext)
    xPortStartScheduler                      0x08005901   Thumb Code   154  port.o(i.xPortStartScheduler)
    xQueueGenericCreateStatic                0x080059a9   Thumb Code   102  queue.o(i.xQueueGenericCreateStatic)
    xQueueGenericReset                       0x08005a11   Thumb Code   132  queue.o(i.xQueueGenericReset)
    xQueueGenericSend                        0x08005a99   Thumb Code   346  queue.o(i.xQueueGenericSend)
    xQueueGenericSendFromISR                 0x08005bf9   Thumb Code   188  queue.o(i.xQueueGenericSendFromISR)
    xQueueReceive                            0x08005cb5   Thumb Code   308  queue.o(i.xQueueReceive)
    xTaskCheckForTimeOut                     0x08005ded   Thumb Code   112  tasks.o(i.xTaskCheckForTimeOut)
    xTaskCreate                              0x08005e61   Thumb Code    90  tasks.o(i.xTaskCreate)
    xTaskCreateStatic                        0x08005ebb   Thumb Code    86  tasks.o(i.xTaskCreateStatic)
    xTaskGetSchedulerState                   0x08005f11   Thumb Code    22  tasks.o(i.xTaskGetSchedulerState)
    xTaskGetTickCount                        0x08005f2d   Thumb Code     6  tasks.o(i.xTaskGetTickCount)
    xTaskIncrementTick                       0x08005f39   Thumb Code   190  tasks.o(i.xTaskIncrementTick)
    xTaskPriorityDisinherit                  0x08006001   Thumb Code   118  tasks.o(i.xTaskPriorityDisinherit)
    xTaskRemoveFromEventList                 0x08006081   Thumb Code    98  tasks.o(i.xTaskRemoveFromEventList)
    xTaskResumeAll                           0x080060f1   Thumb Code   182  tasks.o(i.xTaskResumeAll)
    xTimerCreateTimerTask                    0x080061b5   Thumb Code    78  timers.o(i.xTimerCreateTimerTask)
    xTimerGenericCommand                     0x08006215   Thumb Code    98  timers.o(i.xTimerGenericCommand)
    __aeabi_d2f                              0x0800627d   Thumb Code     0  d2f.o(x$fpl$d2f)
    _d2f                                     0x0800627d   Thumb Code    98  d2f.o(x$fpl$d2f)
    __aeabi_dadd                             0x080062e1   Thumb Code     0  daddsub_clz.o(x$fpl$dadd)
    _dadd                                    0x080062e1   Thumb Code   332  daddsub_clz.o(x$fpl$dadd)
    __fpl_dcheck_NaN1                        0x08006431   Thumb Code    10  dcheck1.o(x$fpl$dcheck1)
    __fpl_dcmp_Inf                           0x08006441   Thumb Code    24  dcmpi.o(x$fpl$dcmpinf)
    __aeabi_ddiv                             0x08006459   Thumb Code     0  ddiv.o(x$fpl$ddiv)
    _ddiv                                    0x08006459   Thumb Code   552  ddiv.o(x$fpl$ddiv)
    __aeabi_cdcmpeq                          0x08006709   Thumb Code     0  deqf.o(x$fpl$deqf)
    _dcmpeq                                  0x08006709   Thumb Code   120  deqf.o(x$fpl$deqf)
    __aeabi_d2uiz                            0x08006781   Thumb Code     0  dfixu.o(x$fpl$dfixu)
    _dfixu                                   0x08006781   Thumb Code    90  dfixu.o(x$fpl$dfixu)
    __aeabi_i2d                              0x080067db   Thumb Code     0  dflt_clz.o(x$fpl$dflt)
    _dflt                                    0x080067db   Thumb Code    46  dflt_clz.o(x$fpl$dflt)
    __aeabi_ui2d                             0x08006809   Thumb Code     0  dflt_clz.o(x$fpl$dfltu)
    _dfltu                                   0x08006809   Thumb Code    38  dflt_clz.o(x$fpl$dfltu)
    __aeabi_cdcmple                          0x08006831   Thumb Code     0  dleqf.o(x$fpl$dleqf)
    _dcmple                                  0x08006831   Thumb Code   120  dleqf.o(x$fpl$dleqf)
    __fpl_dcmple_InfNaN                      0x08006893   Thumb Code     0  dleqf.o(x$fpl$dleqf)
    __aeabi_dmul                             0x080068a9   Thumb Code     0  dmul.o(x$fpl$dmul)
    _dmul                                    0x080068a9   Thumb Code   332  dmul.o(x$fpl$dmul)
    __fpl_dnaninf                            0x080069fd   Thumb Code   156  dnaninf.o(x$fpl$dnaninf)
    __fpl_dretinf                            0x08006a99   Thumb Code    12  dretinf.o(x$fpl$dretinf)
    __aeabi_cdrcmple                         0x08006aa5   Thumb Code     0  drleqf.o(x$fpl$drleqf)
    _drcmple                                 0x08006aa5   Thumb Code   108  drleqf.o(x$fpl$drleqf)
    __aeabi_drsub                            0x08006b11   Thumb Code     0  daddsub_clz.o(x$fpl$drsb)
    _drsb                                    0x08006b11   Thumb Code    22  daddsub_clz.o(x$fpl$drsb)
    _dsqrt                                   0x08006b29   Thumb Code   456  dsqrt_noumaal.o(x$fpl$dsqrt)
    __aeabi_dsub                             0x08006cf5   Thumb Code     0  daddsub_clz.o(x$fpl$dsub)
    _dsub                                    0x08006cf5   Thumb Code   464  daddsub_clz.o(x$fpl$dsub)
    __aeabi_f2d                              0x08006ec9   Thumb Code     0  f2d.o(x$fpl$f2d)
    _f2d                                     0x08006ec9   Thumb Code    86  f2d.o(x$fpl$f2d)
    __aeabi_fadd                             0x08006f21   Thumb Code     0  faddsub_clz.o(x$fpl$fadd)
    _fadd                                    0x08006f21   Thumb Code   196  faddsub_clz.o(x$fpl$fadd)
    __fpl_fcheck_NaN1                        0x08006fe5   Thumb Code     6  fcheck1.o(x$fpl$fcheck1)
    __aeabi_fdiv                             0x08006ff1   Thumb Code     0  fdiv.o(x$fpl$fdiv)
    _fdiv                                    0x08006ff1   Thumb Code   384  fdiv.o(x$fpl$fdiv)
    __aeabi_f2iz                             0x08007175   Thumb Code     0  ffix.o(x$fpl$ffix)
    _ffix                                    0x08007175   Thumb Code    54  ffix.o(x$fpl$ffix)
    __aeabi_f2uiz                            0x080071ad   Thumb Code     0  ffixu.o(x$fpl$ffixu)
    _ffixu                                   0x080071ad   Thumb Code    62  ffixu.o(x$fpl$ffixu)
    __aeabi_i2f                              0x080071ed   Thumb Code     0  fflt_clz.o(x$fpl$fflt)
    _fflt                                    0x080071ed   Thumb Code    48  fflt_clz.o(x$fpl$fflt)
    __aeabi_ui2f                             0x0800721d   Thumb Code     0  fflt_clz.o(x$fpl$ffltu)
    _ffltu                                   0x0800721d   Thumb Code    38  fflt_clz.o(x$fpl$ffltu)
    __aeabi_fmul                             0x08007245   Thumb Code     0  fmul.o(x$fpl$fmul)
    _fmul                                    0x08007245   Thumb Code   258  fmul.o(x$fpl$fmul)
    __fpl_fnaninf                            0x08007347   Thumb Code   140  fnaninf.o(x$fpl$fnaninf)
    __fpl_fretinf                            0x080073d3   Thumb Code    10  fretinf.o(x$fpl$fretinf)
    __aeabi_fsub                             0x080073dd   Thumb Code     0  faddsub_clz.o(x$fpl$fsub)
    _fsub                                    0x080073dd   Thumb Code   234  faddsub_clz.o(x$fpl$fsub)
    __fpl_return_NaN                         0x080074c7   Thumb Code   100  retnan.o(x$fpl$retnan)
    __ARM_scalbn                             0x0800752b   Thumb Code    92  scalbn.o(x$fpl$scalbn)
    __ARM_scalbnf                            0x08007587   Thumb Code    76  scalbnf.o(x$fpl$scalbnf)
    __fpl_cmpreturn                          0x080075d3   Thumb Code    48  trapv.o(x$fpl$trapveneer)
    __I$use$fp                               0x08007602   Number         0  usenofp.o(x$fpl$usenofp)
    Task_MPU_5ms_attributes                  0x08007604   Data          36  freertos.o(.constdata)
    Task_OLED_50ms_attributes                0x08007628   Data          36  freertos.o(.constdata)
    AHBPrescTable                            0x0800765e   Data          16  system_stm32f1xx.o(.constdata)
    APBPrescTable                            0x0800766e   Data           8  system_stm32f1xx.o(.constdata)
    reg                                      0x08007c66   Data          27  inv_mpu.o(.constdata)
    hw                                       0x08007c82   Data          12  inv_mpu.o(.constdata)
    test                                     0x08007c90   Data          40  inv_mpu.o(.constdata)
    __mathlib_zero                           0x08008a20   Data           8  qnan.o(.constdata)
    Region$$Table$$Base                      0x08008a48   Number         0  anon$$obj.o(Region$$Table)
    Region$$Table$$Limit                     0x08008a68   Number         0  anon$$obj.o(Region$$Table)
    Task_MPU_5msHandle                       0x20000010   Data           4  freertos.o(.data)
    Task_OLED_50msHandle                     0x20000014   Data           4  freertos.o(.data)
    uwTickFreq                               0x20000018   Data           1  stm32f1xx_hal.o(.data)
    uwTickPrio                               0x2000001c   Data           4  stm32f1xx_hal.o(.data)
    uwTick                                   0x20000020   Data           4  stm32f1xx_hal.o(.data)
    SystemCoreClock                          0x20000024   Data           4  system_stm32f1xx.o(.data)
    pxCurrentTCB                             0x20000028   Data           4  tasks.o(.data)
    htim1                                    0x200000f0   Data          72  stm32f1xx_hal_timebase_tim.o(.bss)
    xQueueRegistry                           0x20000138   Data          64  queue.o(.bss)
    __libspace_start                         0x20001a1c   Data          96  libspace.o(.bss)
    __temporary_stack_top$libspace           0x20001a7c   Data           0  libspace.o(.bss)



==============================================================================

Memory Map of the image

  Image Entry point : 0x080000ed

  Load Region LR_IROM1 (Base: 0x08000000, Size: 0x00008b40, Max: 0x00010000, ABSOLUTE)

    Execution Region ER_IROM1 (Exec base: 0x08000000, Load base: 0x08000000, Size: 0x00008a68, Max: 0x00010000, ABSOLUTE)

    Exec Addr    Load Addr    Size         Type   Attr      Idx    E Section Name        Object

    0x08000000   0x08000000   0x000000ec   Data   RO            3    RESET               startup_stm32f103xb.o
    0x080000ec   0x080000ec   0x00000008   Code   RO         5046  * !!!main             c_w.l(__main.o)
    0x080000f4   0x080000f4   0x00000034   Code   RO         5376    !!!scatter          c_w.l(__scatter.o)
    0x08000128   0x08000128   0x0000001a   Code   RO         5378    !!handler_copy      c_w.l(__scatter_copy.o)
    0x08000142   0x08000142   0x00000002   PAD
    0x08000144   0x08000144   0x0000001c   Code   RO         5380    !!handler_zi        c_w.l(__scatter_zi.o)
    0x08000160   0x08000160   0x00000002   Code   RO         5241    .ARM.Collect$$libinit$$00000000  c_w.l(libinit.o)
    0x08000162   0x08000162   0x00000000   Code   RO         5251    .ARM.Collect$$libinit$$00000002  c_w.l(libinit2.o)
    0x08000162   0x08000162   0x00000000   Code   RO         5253    .ARM.Collect$$libinit$$00000004  c_w.l(libinit2.o)
    0x08000162   0x08000162   0x00000000   Code   RO         5256    .ARM.Collect$$libinit$$0000000A  c_w.l(libinit2.o)
    0x08000162   0x08000162   0x00000000   Code   RO         5258    .ARM.Collect$$libinit$$0000000C  c_w.l(libinit2.o)
    0x08000162   0x08000162   0x00000000   Code   RO         5260    .ARM.Collect$$libinit$$0000000E  c_w.l(libinit2.o)
    0x08000162   0x08000162   0x00000000   Code   RO         5263    .ARM.Collect$$libinit$$00000011  c_w.l(libinit2.o)
    0x08000162   0x08000162   0x00000000   Code   RO         5265    .ARM.Collect$$libinit$$00000013  c_w.l(libinit2.o)
    0x08000162   0x08000162   0x00000000   Code   RO         5267    .ARM.Collect$$libinit$$00000015  c_w.l(libinit2.o)
    0x08000162   0x08000162   0x00000000   Code   RO         5269    .ARM.Collect$$libinit$$00000017  c_w.l(libinit2.o)
    0x08000162   0x08000162   0x00000000   Code   RO         5271    .ARM.Collect$$libinit$$00000019  c_w.l(libinit2.o)
    0x08000162   0x08000162   0x00000000   Code   RO         5273    .ARM.Collect$$libinit$$0000001B  c_w.l(libinit2.o)
    0x08000162   0x08000162   0x00000000   Code   RO         5275    .ARM.Collect$$libinit$$0000001D  c_w.l(libinit2.o)
    0x08000162   0x08000162   0x00000000   Code   RO         5277    .ARM.Collect$$libinit$$0000001F  c_w.l(libinit2.o)
    0x08000162   0x08000162   0x00000000   Code   RO         5279    .ARM.Collect$$libinit$$00000021  c_w.l(libinit2.o)
    0x08000162   0x08000162   0x00000000   Code   RO         5281    .ARM.Collect$$libinit$$00000023  c_w.l(libinit2.o)
    0x08000162   0x08000162   0x00000000   Code   RO         5283    .ARM.Collect$$libinit$$00000025  c_w.l(libinit2.o)
    0x08000162   0x08000162   0x00000000   Code   RO         5287    .ARM.Collect$$libinit$$0000002C  c_w.l(libinit2.o)
    0x08000162   0x08000162   0x00000000   Code   RO         5289    .ARM.Collect$$libinit$$0000002E  c_w.l(libinit2.o)
    0x08000162   0x08000162   0x00000000   Code   RO         5291    .ARM.Collect$$libinit$$00000030  c_w.l(libinit2.o)
    0x08000162   0x08000162   0x00000000   Code   RO         5293    .ARM.Collect$$libinit$$00000032  c_w.l(libinit2.o)
    0x08000162   0x08000162   0x00000002   Code   RO         5294    .ARM.Collect$$libinit$$00000033  c_w.l(libinit2.o)
    0x08000164   0x08000164   0x00000002   Code   RO         5324    .ARM.Collect$$libshutdown$$00000000  c_w.l(libshutdown.o)
    0x08000166   0x08000166   0x00000000   Code   RO         5341    .ARM.Collect$$libshutdown$$00000002  c_w.l(libshutdown2.o)
    0x08000166   0x08000166   0x00000000   Code   RO         5343    .ARM.Collect$$libshutdown$$00000004  c_w.l(libshutdown2.o)
    0x08000166   0x08000166   0x00000000   Code   RO         5345    .ARM.Collect$$libshutdown$$00000006  c_w.l(libshutdown2.o)
    0x08000166   0x08000166   0x00000000   Code   RO         5348    .ARM.Collect$$libshutdown$$00000009  c_w.l(libshutdown2.o)
    0x08000166   0x08000166   0x00000000   Code   RO         5351    .ARM.Collect$$libshutdown$$0000000C  c_w.l(libshutdown2.o)
    0x08000166   0x08000166   0x00000000   Code   RO         5353    .ARM.Collect$$libshutdown$$0000000E  c_w.l(libshutdown2.o)
    0x08000166   0x08000166   0x00000000   Code   RO         5356    .ARM.Collect$$libshutdown$$00000011  c_w.l(libshutdown2.o)
    0x08000166   0x08000166   0x00000002   Code   RO         5357    .ARM.Collect$$libshutdown$$00000012  c_w.l(libshutdown2.o)
    0x08000168   0x08000168   0x00000000   Code   RO         5130    .ARM.Collect$$rtentry$$00000000  c_w.l(__rtentry.o)
    0x08000168   0x08000168   0x00000000   Code   RO         5194    .ARM.Collect$$rtentry$$00000002  c_w.l(__rtentry2.o)
    0x08000168   0x08000168   0x00000006   Code   RO         5206    .ARM.Collect$$rtentry$$00000004  c_w.l(__rtentry4.o)
    0x0800016e   0x0800016e   0x00000000   Code   RO         5196    .ARM.Collect$$rtentry$$00000009  c_w.l(__rtentry2.o)
    0x0800016e   0x0800016e   0x00000004   Code   RO         5197    .ARM.Collect$$rtentry$$0000000A  c_w.l(__rtentry2.o)
    0x08000172   0x08000172   0x00000000   Code   RO         5199    .ARM.Collect$$rtentry$$0000000C  c_w.l(__rtentry2.o)
    0x08000172   0x08000172   0x00000008   Code   RO         5200    .ARM.Collect$$rtentry$$0000000D  c_w.l(__rtentry2.o)
    0x0800017a   0x0800017a   0x00000002   Code   RO         5244    .ARM.Collect$$rtexit$$00000000  c_w.l(rtexit.o)
    0x0800017c   0x0800017c   0x00000000   Code   RO         5296    .ARM.Collect$$rtexit$$00000002  c_w.l(rtexit2.o)
    0x0800017c   0x0800017c   0x00000004   Code   RO         5297    .ARM.Collect$$rtexit$$00000003  c_w.l(rtexit2.o)
    0x08000180   0x08000180   0x00000006   Code   RO         5298    .ARM.Collect$$rtexit$$00000004  c_w.l(rtexit2.o)
    0x08000186   0x08000186   0x00000002   PAD
    0x08000188   0x08000188   0x00000096   Code   RO         3989    .emb_text           port.o
    0x0800021e   0x0800021e   0x00000002   PAD
    0x08000220   0x08000220   0x00000040   Code   RO            4    .text               startup_stm32f103xb.o
    0x08000260   0x08000260   0x00000048   Code   RO         5032    .text               c_w.l(llsdiv.o)
    0x080002a8   0x080002a8   0x00000058   Code   RO         5034    .text               c_w.l(memcmp.o)
    0x08000300   0x08000300   0x0000008a   Code   RO         5036    .text               c_w.l(rt_memcpy_v6.o)
    0x0800038a   0x0800038a   0x00000010   Code   RO         5040    .text               c_w.l(aeabi_memset.o)
    0x0800039a   0x0800039a   0x0000004e   Code   RO         5042    .text               c_w.l(rt_memclr_w.o)
    0x080003e8   0x080003e8   0x00000006   Code   RO         5044    .text               c_w.l(heapauxi.o)
    0x080003ee   0x080003ee   0x000000ee   Code   RO         5131    .text               c_w.l(lludivv7m.o)
    0x080004dc   0x080004dc   0x00000016   Code   RO         5133    .text               c_w.l(_rserrno.o)
    0x080004f2   0x080004f2   0x00000064   Code   RO         5135    .text               c_w.l(rt_memcpy_w.o)
    0x08000556   0x08000556   0x00000044   Code   RO         5137    .text               c_w.l(rt_memclr.o)
    0x0800059a   0x0800059a   0x00000002   PAD
    0x0800059c   0x0800059c   0x00000008   Code   RO         5215    .text               c_w.l(rt_errno_addr_intlibspace.o)
    0x080005a4   0x080005a4   0x00000008   Code   RO         5227    .text               c_w.l(libspace.o)
    0x080005ac   0x080005ac   0x0000004a   Code   RO         5230    .text               c_w.l(sys_stackheap_outer.o)
    0x080005f6   0x080005f6   0x00000012   Code   RO         5234    .text               c_w.l(exit.o)
    0x08000608   0x08000608   0x0000000c   Code   RO         5312    .text               c_w.l(sys_exit.o)
    0x08000614   0x08000614   0x00000002   Code   RO         5329    .text               c_w.l(use_no_semi.o)
    0x08000616   0x08000616   0x00000000   Code   RO         5331    .text               c_w.l(indicate_semi.o)
    0x08000616   0x08000616   0x00000002   Code   RO          299    i.BusFault_Handler  stm32f1xx_it.o
    0x08000618   0x08000618   0x00000002   Code   RO          300    i.DebugMon_Handler  stm32f1xx_it.o
    0x0800061a   0x0800061a   0x00000002   PAD
    0x0800061c   0x0800061c   0x00000024   Code   RO          469    i.HAL_Delay         stm32f1xx_hal.o
    0x08000640   0x08000640   0x000001e0   Code   RO          779    i.HAL_GPIO_Init     stm32f1xx_hal_gpio.o
    0x08000820   0x08000820   0x0000000a   Code   RO          781    i.HAL_GPIO_ReadPin  stm32f1xx_hal_gpio.o
    0x0800082a   0x0800082a   0x0000000a   Code   RO          783    i.HAL_GPIO_WritePin  stm32f1xx_hal_gpio.o
    0x08000834   0x08000834   0x0000000c   Code   RO          473    i.HAL_GetTick       stm32f1xx_hal.o
    0x08000840   0x08000840   0x00000010   Code   RO          479    i.HAL_IncTick       stm32f1xx_hal.o
    0x08000850   0x08000850   0x00000024   Code   RO          480    i.HAL_Init          stm32f1xx_hal.o
    0x08000874   0x08000874   0x0000008c   Code   RO          387    i.HAL_InitTick      stm32f1xx_hal_timebase_tim.o
    0x08000900   0x08000900   0x00000048   Code   RO          363    i.HAL_MspInit       stm32f1xx_hal_msp.o
    0x08000948   0x08000948   0x0000001a   Code   RO          939    i.HAL_NVIC_EnableIRQ  stm32f1xx_hal_cortex.o
    0x08000962   0x08000962   0x00000002   PAD
    0x08000964   0x08000964   0x00000040   Code   RO          945    i.HAL_NVIC_SetPriority  stm32f1xx_hal_cortex.o
    0x080009a4   0x080009a4   0x00000024   Code   RO          946    i.HAL_NVIC_SetPriorityGrouping  stm32f1xx_hal_cortex.o
    0x080009c8   0x080009c8   0x0000012c   Code   RO          637    i.HAL_RCC_ClockConfig  stm32f1xx_hal_rcc.o
    0x08000af4   0x08000af4   0x00000040   Code   RO          641    i.HAL_RCC_GetClockConfig  stm32f1xx_hal_rcc.o
    0x08000b34   0x08000b34   0x00000020   Code   RO          645    i.HAL_RCC_GetPCLK2Freq  stm32f1xx_hal_rcc.o
    0x08000b54   0x08000b54   0x0000004c   Code   RO          646    i.HAL_RCC_GetSysClockFreq  stm32f1xx_hal_rcc.o
    0x08000ba0   0x08000ba0   0x00000320   Code   RO          649    i.HAL_RCC_OscConfig  stm32f1xx_hal_rcc.o
    0x08000ec0   0x08000ec0   0x00000002   Code   RO         2145    i.HAL_TIMEx_BreakCallback  stm32f1xx_hal_tim_ex.o
    0x08000ec2   0x08000ec2   0x00000002   Code   RO         2146    i.HAL_TIMEx_CommutCallback  stm32f1xx_hal_tim_ex.o
    0x08000ec4   0x08000ec4   0x0000005a   Code   RO         1441    i.HAL_TIM_Base_Init  stm32f1xx_hal_tim.o
    0x08000f1e   0x08000f1e   0x00000002   Code   RO         1443    i.HAL_TIM_Base_MspInit  stm32f1xx_hal_tim.o
    0x08000f20   0x08000f20   0x00000058   Code   RO         1446    i.HAL_TIM_Base_Start_IT  stm32f1xx_hal_tim.o
    0x08000f78   0x08000f78   0x00000002   Code   RO         1475    i.HAL_TIM_IC_CaptureCallback  stm32f1xx_hal_tim.o
    0x08000f7a   0x08000f7a   0x00000166   Code   RO         1489    i.HAL_TIM_IRQHandler  stm32f1xx_hal_tim.o
    0x080010e0   0x080010e0   0x00000002   Code   RO         1492    i.HAL_TIM_OC_DelayElapsedCallback  stm32f1xx_hal_tim.o
    0x080010e2   0x080010e2   0x00000002   Code   RO         1519    i.HAL_TIM_PWM_PulseFinishedCallback  stm32f1xx_hal_tim.o
    0x080010e4   0x080010e4   0x00000014   Code   RO           14    i.HAL_TIM_PeriodElapsedCallback  main.o
    0x080010f8   0x080010f8   0x00000002   Code   RO         1532    i.HAL_TIM_TriggerCallback  stm32f1xx_hal_tim.o
    0x080010fa   0x080010fa   0x00000002   Code   RO          301    i.HardFault_Handler  stm32f1xx_it.o
    0x080010fc   0x080010fc   0x00000048   Code   RO         4188    i.IIC_Ack           iic.o
    0x08001144   0x08001144   0x0000000c   Code   RO         4190    i.IIC_Delay         iic.o
    0x08001150   0x08001150   0x0000003c   Code   RO         4191    i.IIC_GPIO_Init     iic.o
    0x0800118c   0x0800118c   0x00000038   Code   RO         4192    i.IIC_NAck          iic.o
    0x080011c4   0x080011c4   0x00000064   Code   RO         4193    i.IIC_Read_Byte     iic.o
    0x08001228   0x08001228   0x00000068   Code   RO         4194    i.IIC_Send_Byte     iic.o
    0x08001290   0x08001290   0x00000044   Code   RO         4195    i.IIC_Start         iic.o
    0x080012d4   0x080012d4   0x00000034   Code   RO         4196    i.IIC_Stop          iic.o
    0x08001308   0x08001308   0x0000004c   Code   RO         4197    i.IIC_Wait_Ack      iic.o
    0x08001354   0x08001354   0x000000a4   Code   RO         4271    i.MPU_DMP_Init      inv_mpu.o
    0x080013f8   0x080013f8   0x000001c0   Code   RO         4818    i.MPU_GetData       mpu6050.o
    0x080015b8   0x080015b8   0x0000002e   Code   RO         4819    i.MPU_Get_Accelerometer  mpu6050.o
    0x080015e6   0x080015e6   0x0000002e   Code   RO         4820    i.MPU_Get_Gyroscope  mpu6050.o
    0x08001614   0x08001614   0x00000076   Code   RO         4822    i.MPU_Init          mpu6050.o
    0x0800168a   0x0800168a   0x0000003a   Code   RO         4272    i.MPU_Read_Byte     inv_mpu.o
    0x080016c4   0x080016c4   0x0000006c   Code   RO         4273    i.MPU_Read_Len      inv_mpu.o
    0x08001730   0x08001730   0x00000076   Code   RO         4274    i.MPU_Run_Self_Test  inv_mpu.o
    0x080017a6   0x080017a6   0x0000000a   Code   RO         4823    i.MPU_Set_Accel_Fsr  mpu6050.o
    0x080017b0   0x080017b0   0x0000000a   Code   RO         4824    i.MPU_Set_Gyro_Fsr  mpu6050.o
    0x080017ba   0x080017ba   0x00000030   Code   RO         4825    i.MPU_Set_LPF       mpu6050.o
    0x080017ea   0x080017ea   0x0000002e   Code   RO         4826    i.MPU_Set_Rate      mpu6050.o
    0x08001818   0x08001818   0x0000003c   Code   RO         4275    i.MPU_Write_Byte    inv_mpu.o
    0x08001854   0x08001854   0x00000052   Code   RO         4276    i.MPU_Write_Len     inv_mpu.o
    0x080018a6   0x080018a6   0x00000002   PAD
    0x080018a8   0x080018a8   0x00000030   Code   RO          234    i.MX_FREERTOS_Init  freertos.o
    0x080018d8   0x080018d8   0x000000a8   Code   RO          207    i.MX_GPIO_Init      gpio.o
    0x08001980   0x08001980   0x00000002   Code   RO          302    i.MemManage_Handler  stm32f1xx_it.o
    0x08001982   0x08001982   0x00000002   Code   RO          303    i.NMI_Handler       stm32f1xx_it.o
    0x08001984   0x08001984   0x0000005c   Code   RO         4069    i.OLED_I2C_Init     oled.o
    0x080019e0   0x080019e0   0x0000005c   Code   RO         4070    i.OLED_I2C_SendByte  oled.o
    0x08001a3c   0x08001a3c   0x00000038   Code   RO         4071    i.OLED_I2C_Start    oled.o
    0x08001a74   0x08001a74   0x00000030   Code   RO         4072    i.OLED_I2C_Stop     oled.o
    0x08001aa4   0x08001aa4   0x00000026   Code   RO         4073    i.OLED_clear        oled.o
    0x08001aca   0x08001aca   0x000000ac   Code   RO         4074    i.OLED_init         oled.o
    0x08001b76   0x08001b76   0x00000022   Code   RO         4075    i.OLED_setCursor    oled.o
    0x08001b98   0x08001b98   0x00000068   Code   RO         4077    i.OLED_showChar     oled.o
    0x08001c00   0x08001c00   0x00000078   Code   RO         4080    i.OLED_showSignedNum  oled.o
    0x08001c78   0x08001c78   0x00000026   Code   RO         4081    i.OLED_showString   oled.o
    0x08001c9e   0x08001c9e   0x00000022   Code   RO         4082    i.OLED_writeCommand  oled.o
    0x08001cc0   0x08001cc0   0x00000022   Code   RO         4083    i.OLED_writeData    oled.o
    0x08001ce2   0x08001ce2   0x00000002   PAD
    0x08001ce4   0x08001ce4   0x00000024   Code   RO          235    i.StartTask_MPU_5ms  freertos.o
    0x08001d08   0x08001d08   0x00000044   Code   RO          236    i.StartTask_OLED_50ms  freertos.o
    0x08001d4c   0x08001d4c   0x0000002c   Code   RO         3990    i.SysTick_Handler   port.o
    0x08001d78   0x08001d78   0x0000005e   Code   RO           15    i.SystemClock_Config  main.o
    0x08001dd6   0x08001dd6   0x00000002   Code   RO         2413    i.SystemInit        system_stm32f1xx.o
    0x08001dd8   0x08001dd8   0x0000000c   Code   RO          304    i.TIM1_UP_IRQHandler  stm32f1xx_it.o
    0x08001de4   0x08001de4   0x0000006c   Code   RO         1534    i.TIM_Base_SetConfig  stm32f1xx_hal_tim.o
    0x08001e50   0x08001e50   0x00000002   Code   RO          305    i.UsageFault_Handler  stm32f1xx_it.o
    0x08001e52   0x08001e52   0x00000028   Code   RO         5180    i.__ARM_fpclassify  m_ws.l(fpclassify.o)
    0x08001e7a   0x08001e7a   0x00000020   Code   RO          952    i.__NVIC_SetPriority  stm32f1xx_hal_cortex.o
    0x08001e9a   0x08001e9a   0x000000aa   Code   RO         5182    i.__kernel_poly     m_ws.l(poly.o)
    0x08001f44   0x08001f44   0x00000010   Code   RO         5166    i.__mathlib_dbl_divzero  m_ws.l(dunder.o)
    0x08001f54   0x08001f54   0x00000006   Code   RO         5167    i.__mathlib_dbl_infnan  m_ws.l(dunder.o)
    0x08001f5a   0x08001f5a   0x00000004   Code   RO         5168    i.__mathlib_dbl_infnan2  m_ws.l(dunder.o)
    0x08001f5e   0x08001f5e   0x0000000c   Code   RO         5169    i.__mathlib_dbl_invalid  m_ws.l(dunder.o)
    0x08001f6a   0x08001f6a   0x0000000e   Code   RO         5170    i.__mathlib_dbl_overflow  m_ws.l(dunder.o)
    0x08001f78   0x08001f78   0x00000010   Code   RO         5172    i.__mathlib_dbl_underflow  m_ws.l(dunder.o)
    0x08001f88   0x08001f88   0x000000f0   Code   RO         4277    i._mpu_run_self_test  inv_mpu.o
    0x08002078   0x08002078   0x00000080   Code   RO         4278    i.accel_self_test   inv_mpu.o
    0x080020f8   0x080020f8   0x00000270   Code   RO         5103    i.asin              m_ws.l(asin.o)
    0x08002368   0x08002368   0x00000220   Code   RO         5157    i.atan              m_ws.l(atan.o)
    0x08002588   0x08002588   0x0000019c   Code   RO         5113    i.atan2             m_ws.l(atan2.o)
    0x08002724   0x08002724   0x0000003a   Code   RO         4633    i.dmp_enable_6x_lp_quat  inv_mpu_dmp_motion_driver.o
    0x0800275e   0x0800275e   0x00000002   PAD
    0x08002760   0x08002760   0x000001d8   Code   RO         4634    i.dmp_enable_feature  inv_mpu_dmp_motion_driver.o
    0x08002938   0x08002938   0x0000003c   Code   RO         4635    i.dmp_enable_gyro_cal  inv_mpu_dmp_motion_driver.o
    0x08002974   0x08002974   0x0000003a   Code   RO         4636    i.dmp_enable_lp_quat  inv_mpu_dmp_motion_driver.o
    0x080029ae   0x080029ae   0x00000002   PAD
    0x080029b0   0x080029b0   0x00000014   Code   RO         4641    i.dmp_load_motion_driver_firmware  inv_mpu_dmp_motion_driver.o
    0x080029c4   0x080029c4   0x00000160   Code   RO         4642    i.dmp_read_fifo     inv_mpu_dmp_motion_driver.o
    0x08002b24   0x08002b24   0x000000d8   Code   RO         4645    i.dmp_set_accel_bias  inv_mpu_dmp_motion_driver.o
    0x08002bfc   0x08002bfc   0x00000064   Code   RO         4646    i.dmp_set_fifo_rate  inv_mpu_dmp_motion_driver.o
    0x08002c60   0x08002c60   0x000000cc   Code   RO         4647    i.dmp_set_gyro_bias  inv_mpu_dmp_motion_driver.o
    0x08002d2c   0x08002d2c   0x0000010c   Code   RO         4649    i.dmp_set_orientation  inv_mpu_dmp_motion_driver.o
    0x08002e38   0x08002e38   0x00000030   Code   RO         4652    i.dmp_set_shake_reject_thresh  inv_mpu_dmp_motion_driver.o
    0x08002e68   0x08002e68   0x00000020   Code   RO         4653    i.dmp_set_shake_reject_time  inv_mpu_dmp_motion_driver.o
    0x08002e88   0x08002e88   0x00000020   Code   RO         4654    i.dmp_set_shake_reject_timeout  inv_mpu_dmp_motion_driver.o
    0x08002ea8   0x08002ea8   0x00000040   Code   RO         4655    i.dmp_set_tap_axes  inv_mpu_dmp_motion_driver.o
    0x08002ee8   0x08002ee8   0x00000022   Code   RO         4656    i.dmp_set_tap_count  inv_mpu_dmp_motion_driver.o
    0x08002f0a   0x08002f0a   0x00000002   PAD
    0x08002f0c   0x08002f0c   0x00000128   Code   RO         4657    i.dmp_set_tap_thresh  inv_mpu_dmp_motion_driver.o
    0x08003034   0x08003034   0x00000020   Code   RO         4658    i.dmp_set_tap_time  inv_mpu_dmp_motion_driver.o
    0x08003054   0x08003054   0x00000020   Code   RO         4659    i.dmp_set_tap_time_multi  inv_mpu_dmp_motion_driver.o
    0x08003074   0x08003074   0x000000ac   Code   RO         4279    i.get_accel_prod_shift  inv_mpu.o
    0x08003120   0x08003120   0x00000314   Code   RO         4280    i.get_st_biases     inv_mpu.o
    0x08003434   0x08003434   0x000000d4   Code   RO         4281    i.gyro_self_test    inv_mpu.o
    0x08003508   0x08003508   0x00000022   Code   RO         4282    i.inv_orientation_matrix_to_scalar  inv_mpu.o
    0x0800352a   0x0800352a   0x00000048   Code   RO         4283    i.inv_row_2_scale   inv_mpu.o
    0x08003572   0x08003572   0x00000002   PAD
    0x08003574   0x08003574   0x00000074   Code   RO           16    i.main              main.o
    0x080035e8   0x080035e8   0x00000054   Code   RO         4285    i.mpu_configure_fifo  inv_mpu.o
    0x0800363c   0x0800363c   0x0000003c   Code   RO         4286    i.mpu_get_accel_fsr  inv_mpu.o
    0x08003678   0x08003678   0x00000044   Code   RO         4288    i.mpu_get_accel_sens  inv_mpu.o
    0x080036bc   0x080036bc   0x00000034   Code   RO         4294    i.mpu_get_gyro_fsr  inv_mpu.o
    0x080036f0   0x080036f0   0x00000040   Code   RO         4296    i.mpu_get_gyro_sens  inv_mpu.o
    0x08003730   0x08003730   0x00000038   Code   RO         4298    i.mpu_get_lpf       inv_mpu.o
    0x08003768   0x08003768   0x0000001c   Code   RO         4300    i.mpu_get_sample_rate  inv_mpu.o
    0x08003784   0x08003784   0x00000124   Code   RO         4302    i.mpu_init          inv_mpu.o
    0x080038a8   0x080038a8   0x000000a0   Code   RO         4303    i.mpu_load_firmware  inv_mpu.o
    0x08003948   0x08003948   0x000000b8   Code   RO         4304    i.mpu_lp_accel_mode  inv_mpu.o
    0x08003a00   0x08003a00   0x00000090   Code   RO         4307    i.mpu_read_fifo_stream  inv_mpu.o
    0x08003a90   0x08003a90   0x00000054   Code   RO         4308    i.mpu_read_mem      inv_mpu.o
    0x08003ae4   0x08003ae4   0x00000160   Code   RO         4311    i.mpu_reset_fifo    inv_mpu.o
    0x08003c44   0x08003c44   0x00000068   Code   RO         4313    i.mpu_set_accel_fsr  inv_mpu.o
    0x08003cac   0x08003cac   0x000000dc   Code   RO         4314    i.mpu_set_bypass    inv_mpu.o
    0x08003d88   0x08003d88   0x00000078   Code   RO         4316    i.mpu_set_dmp_state  inv_mpu.o
    0x08003e00   0x08003e00   0x0000006c   Code   RO         4317    i.mpu_set_gyro_fsr  inv_mpu.o
    0x08003e6c   0x08003e6c   0x00000064   Code   RO         4318    i.mpu_set_int_latched  inv_mpu.o
    0x08003ed0   0x08003ed0   0x0000006c   Code   RO         4320    i.mpu_set_lpf       inv_mpu.o
    0x08003f3c   0x08003f3c   0x00000080   Code   RO         4321    i.mpu_set_sample_rate  inv_mpu.o
    0x08003fbc   0x08003fbc   0x000000b8   Code   RO         4322    i.mpu_set_sensors   inv_mpu.o
    0x08004074   0x08004074   0x00000054   Code   RO         4323    i.mpu_write_mem     inv_mpu.o
    0x080040c8   0x080040c8   0x00000034   Code   RO         3519    i.osDelay           cmsis_os2.o
    0x080040fc   0x080040fc   0x00000038   Code   RO         3533    i.osKernelInitialize  cmsis_os2.o
    0x08004134   0x08004134   0x00000040   Code   RO         3536    i.osKernelStart     cmsis_os2.o
    0x08004174   0x08004174   0x000000a4   Code   RO         3570    i.osThreadNew       cmsis_os2.o
    0x08004218   0x08004218   0x000009d8   Code   RO         5121    i.pow               m_ws.l(pow.o)
    0x08004bf0   0x08004bf0   0x0000005c   Code   RO         3015    i.prvAddCurrentTaskToDelayedList  tasks.o
    0x08004c4c   0x08004c4c   0x000000d0   Code   RO         3016    i.prvAddNewTaskToReadyList  tasks.o
    0x08004d1c   0x08004d1c   0x00000058   Code   RO         3365    i.prvCheckForValidListAndQueue  timers.o
    0x08004d74   0x08004d74   0x00000026   Code   RO         2618    i.prvCopyDataFromQueue  queue.o
    0x08004d9a   0x08004d9a   0x0000006c   Code   RO         2619    i.prvCopyDataToQueue  queue.o
    0x08004e06   0x08004e06   0x00000034   Code   RO         3017    i.prvDeleteTCB      tasks.o
    0x08004e3a   0x08004e3a   0x00000002   PAD
    0x08004e3c   0x08004e3c   0x0000004c   Code   RO         3940    i.prvHeapInit       heap_4.o
    0x08004e88   0x08004e88   0x00000060   Code   RO         3018    i.prvIdleTask       tasks.o
    0x08004ee8   0x08004ee8   0x00000022   Code   RO         2621    i.prvInitialiseNewQueue  queue.o
    0x08004f0a   0x08004f0a   0x0000009c   Code   RO         3019    i.prvInitialiseNewTask  tasks.o
    0x08004fa6   0x08004fa6   0x00000002   PAD
    0x08004fa8   0x08004fa8   0x0000004c   Code   RO         3941    i.prvInsertBlockIntoFreeList  heap_4.o
    0x08004ff4   0x08004ff4   0x00000038   Code   RO         3367    i.prvInsertTimerInActiveList  timers.o
    0x0800502c   0x0800502c   0x0000001c   Code   RO         2622    i.prvIsQueueEmpty   queue.o
    0x08005048   0x08005048   0x000000cc   Code   RO         3368    i.prvProcessReceivedCommands  timers.o
    0x08005114   0x08005114   0x000000b4   Code   RO         3369    i.prvProcessTimerOrBlockTask  timers.o
    0x080051c8   0x080051c8   0x00000020   Code   RO         3021    i.prvResetNextTaskUnblockTime  tasks.o
    0x080051e8   0x080051e8   0x00000028   Code   RO         3370    i.prvSampleTimeNow  timers.o
    0x08005210   0x08005210   0x0000006c   Code   RO         3371    i.prvSwitchTimerLists  timers.o
    0x0800527c   0x0800527c   0x00000028   Code   RO         3991    i.prvTaskExitError  port.o
    0x080052a4   0x080052a4   0x00000024   Code   RO         3372    i.prvTimerTask      timers.o
    0x080052c8   0x080052c8   0x0000006a   Code   RO         2623    i.prvUnlockQueue    queue.o
    0x08005332   0x08005332   0x00000002   PAD
    0x08005334   0x08005334   0x000000d8   Code   RO         3942    i.pvPortMalloc      heap_4.o
    0x0800540c   0x0800540c   0x00000024   Code   RO         3992    i.pxPortInitialiseStack  port.o
    0x08005430   0x08005430   0x00000058   Code   RO         4324    i.set_int_enable    inv_mpu.o
    0x08005488   0x08005488   0x0000004c   Code   RO         5186    i.sqrt              m_ws.l(sqrt.o)
    0x080054d4   0x080054d4   0x00000026   Code   RO         2578    i.uxListRemove      list.o
    0x080054fa   0x080054fa   0x00000002   PAD
    0x080054fc   0x080054fc   0x00000014   Code   RO         3582    i.vApplicationGetIdleTaskMemory  cmsis_os2.o
    0x08005510   0x08005510   0x00000018   Code   RO         3583    i.vApplicationGetTimerTaskMemory  cmsis_os2.o
    0x08005528   0x08005528   0x00000016   Code   RO         2579    i.vListInitialise   list.o
    0x0800553e   0x0800553e   0x00000006   Code   RO         2580    i.vListInitialiseItem  list.o
    0x08005544   0x08005544   0x00000030   Code   RO         2581    i.vListInsert       list.o
    0x08005574   0x08005574   0x00000018   Code   RO         2582    i.vListInsertEnd    list.o
    0x0800558c   0x0800558c   0x00000040   Code   RO         3994    i.vPortEnterCritical  port.o
    0x080055cc   0x080055cc   0x00000028   Code   RO         3995    i.vPortExitCritical  port.o
    0x080055f4   0x080055f4   0x0000005c   Code   RO         3943    i.vPortFree         heap_4.o
    0x08005650   0x08005650   0x00000024   Code   RO         3996    i.vPortSetupTimerInterrupt  port.o
    0x08005674   0x08005674   0x00000054   Code   RO         3997    i.vPortValidateInterruptPriority  port.o
    0x080056c8   0x080056c8   0x00000028   Code   RO         2629    i.vQueueAddToRegistry  queue.o
    0x080056f0   0x080056f0   0x00000044   Code   RO         2633    i.vQueueWaitForMessageRestricted  queue.o
    0x08005734   0x08005734   0x0000004c   Code   RO         3033    i.vTaskDelay        tasks.o
    0x08005780   0x08005780   0x00000010   Code   RO         3038    i.vTaskInternalSetTimeOutState  tasks.o
    0x08005790   0x08005790   0x0000000c   Code   RO         3039    i.vTaskMissedYield  tasks.o
    0x0800579c   0x0800579c   0x00000030   Code   RO         3041    i.vTaskPlaceOnEventList  tasks.o
    0x080057cc   0x080057cc   0x00000038   Code   RO         3042    i.vTaskPlaceOnEventListRestricted  tasks.o
    0x08005804   0x08005804   0x00000088   Code   RO         3050    i.vTaskStartScheduler  tasks.o
    0x0800588c   0x0800588c   0x00000010   Code   RO         3052    i.vTaskSuspendAll   tasks.o
    0x0800589c   0x0800589c   0x00000064   Code   RO         3053    i.vTaskSwitchContext  tasks.o
    0x08005900   0x08005900   0x000000a8   Code   RO         3998    i.xPortStartScheduler  port.o
    0x080059a8   0x080059a8   0x00000066   Code   RO         2639    i.xQueueGenericCreateStatic  queue.o
    0x08005a0e   0x08005a0e   0x00000002   PAD
    0x08005a10   0x08005a10   0x00000088   Code   RO         2640    i.xQueueGenericReset  queue.o
    0x08005a98   0x08005a98   0x00000160   Code   RO         2641    i.xQueueGenericSend  queue.o
    0x08005bf8   0x08005bf8   0x000000bc   Code   RO         2642    i.xQueueGenericSendFromISR  queue.o
    0x08005cb4   0x08005cb4   0x00000138   Code   RO         2651    i.xQueueReceive     queue.o
    0x08005dec   0x08005dec   0x00000074   Code   RO         3054    i.xTaskCheckForTimeOut  tasks.o
    0x08005e60   0x08005e60   0x0000005a   Code   RO         3055    i.xTaskCreate       tasks.o
    0x08005eba   0x08005eba   0x00000056   Code   RO         3056    i.xTaskCreateStatic  tasks.o
    0x08005f10   0x08005f10   0x0000001c   Code   RO         3060    i.xTaskGetSchedulerState  tasks.o
    0x08005f2c   0x08005f2c   0x0000000c   Code   RO         3061    i.xTaskGetTickCount  tasks.o
    0x08005f38   0x08005f38   0x000000c8   Code   RO         3063    i.xTaskIncrementTick  tasks.o
    0x08006000   0x08006000   0x00000080   Code   RO         3066    i.xTaskPriorityDisinherit  tasks.o
    0x08006080   0x08006080   0x00000070   Code   RO         3068    i.xTaskRemoveFromEventList  tasks.o
    0x080060f0   0x080060f0   0x000000c4   Code   RO         3069    i.xTaskResumeAll    tasks.o
    0x080061b4   0x080061b4   0x00000060   Code   RO         3379    i.xTimerCreateTimerTask  timers.o
    0x08006214   0x08006214   0x00000068   Code   RO         3380    i.xTimerGenericCommand  timers.o
    0x0800627c   0x0800627c   0x00000062   Code   RO         5048    x$fpl$d2f           fz_ws.l(d2f.o)
    0x080062de   0x080062de   0x00000002   PAD
    0x080062e0   0x080062e0   0x00000150   Code   RO         5050    x$fpl$dadd          fz_ws.l(daddsub_clz.o)
    0x08006430   0x08006430   0x00000010   Code   RO         5217    x$fpl$dcheck1       fz_ws.l(dcheck1.o)
    0x08006440   0x08006440   0x00000018   Code   RO         5219    x$fpl$dcmpinf       fz_ws.l(dcmpi.o)
    0x08006458   0x08006458   0x000002b0   Code   RO         5057    x$fpl$ddiv          fz_ws.l(ddiv.o)
    0x08006708   0x08006708   0x00000078   Code   RO         5139    x$fpl$deqf          fz_ws.l(deqf.o)
    0x08006780   0x08006780   0x0000005a   Code   RO         5060    x$fpl$dfixu         fz_ws.l(dfixu.o)
    0x080067da   0x080067da   0x0000002e   Code   RO         5065    x$fpl$dflt          fz_ws.l(dflt_clz.o)
    0x08006808   0x08006808   0x00000026   Code   RO         5064    x$fpl$dfltu         fz_ws.l(dflt_clz.o)
    0x0800682e   0x0800682e   0x00000002   PAD
    0x08006830   0x08006830   0x00000078   Code   RO         5221    x$fpl$dleqf         fz_ws.l(dleqf.o)
    0x080068a8   0x080068a8   0x00000154   Code   RO         5070    x$fpl$dmul          fz_ws.l(dmul.o)
    0x080069fc   0x080069fc   0x0000009c   Code   RO         5141    x$fpl$dnaninf       fz_ws.l(dnaninf.o)
    0x08006a98   0x08006a98   0x0000000c   Code   RO         5143    x$fpl$dretinf       fz_ws.l(dretinf.o)
    0x08006aa4   0x08006aa4   0x0000006c   Code   RO         5145    x$fpl$drleqf        fz_ws.l(drleqf.o)
    0x08006b10   0x08006b10   0x00000016   Code   RO         5051    x$fpl$drsb          fz_ws.l(daddsub_clz.o)
    0x08006b26   0x08006b26   0x00000002   PAD
    0x08006b28   0x08006b28   0x000001cc   Code   RO         5223    x$fpl$dsqrt         fz_ws.l(dsqrt_noumaal.o)
    0x08006cf4   0x08006cf4   0x000001d4   Code   RO         5052    x$fpl$dsub          fz_ws.l(daddsub_clz.o)
    0x08006ec8   0x08006ec8   0x00000056   Code   RO         5072    x$fpl$f2d           fz_ws.l(f2d.o)
    0x08006f1e   0x08006f1e   0x00000002   PAD
    0x08006f20   0x08006f20   0x000000c4   Code   RO         5074    x$fpl$fadd          fz_ws.l(faddsub_clz.o)
    0x08006fe4   0x08006fe4   0x0000000c   Code   RO         5147    x$fpl$fcheck1       fz_ws.l(fcheck1.o)
    0x08006ff0   0x08006ff0   0x00000184   Code   RO         5081    x$fpl$fdiv          fz_ws.l(fdiv.o)
    0x08007174   0x08007174   0x00000036   Code   RO         5084    x$fpl$ffix          fz_ws.l(ffix.o)
    0x080071aa   0x080071aa   0x00000002   PAD
    0x080071ac   0x080071ac   0x0000003e   Code   RO         5088    x$fpl$ffixu         fz_ws.l(ffixu.o)
    0x080071ea   0x080071ea   0x00000002   PAD
    0x080071ec   0x080071ec   0x00000030   Code   RO         5093    x$fpl$fflt          fz_ws.l(fflt_clz.o)
    0x0800721c   0x0800721c   0x00000026   Code   RO         5092    x$fpl$ffltu         fz_ws.l(fflt_clz.o)
    0x08007242   0x08007242   0x00000002   PAD
    0x08007244   0x08007244   0x00000102   Code   RO         5098    x$fpl$fmul          fz_ws.l(fmul.o)
    0x08007346   0x08007346   0x0000008c   Code   RO         5149    x$fpl$fnaninf       fz_ws.l(fnaninf.o)
    0x080073d2   0x080073d2   0x0000000a   Code   RO         5151    x$fpl$fretinf       fz_ws.l(fretinf.o)
    0x080073dc   0x080073dc   0x000000ea   Code   RO         5076    x$fpl$fsub          fz_ws.l(faddsub_clz.o)
    0x080074c6   0x080074c6   0x00000064   Code   RO         5225    x$fpl$retnan        fz_ws.l(retnan.o)
    0x0800752a   0x0800752a   0x0000005c   Code   RO         5153    x$fpl$scalbn        fz_ws.l(scalbn.o)
    0x08007586   0x08007586   0x0000004c   Code   RO         5100    x$fpl$scalbnf       fz_ws.l(scalbnf.o)
    0x080075d2   0x080075d2   0x00000030   Code   RO         5242    x$fpl$trapveneer    fz_ws.l(trapv.o)
    0x08007602   0x08007602   0x00000000   Code   RO         5155    x$fpl$usenofp       fz_ws.l(usenofp.o)
    0x08007602   0x08007602   0x00000002   PAD
    0x08007604   0x08007604   0x00000048   Data   RO          239    .constdata          freertos.o
    0x0800764c   0x0800764c   0x00000012   Data   RO          650    .constdata          stm32f1xx_hal_rcc.o
    0x0800765e   0x0800765e   0x00000010   Data   RO         2414    .constdata          system_stm32f1xx.o
    0x0800766e   0x0800766e   0x00000008   Data   RO         2415    .constdata          system_stm32f1xx.o
    0x08007676   0x08007676   0x000005f0   Data   RO         4084    .constdata          oled.o
    0x08007c66   0x08007c66   0x0000001b   Data   RO         4326    .constdata          inv_mpu.o
    0x08007c81   0x08007c81   0x00000001   PAD
    0x08007c82   0x08007c82   0x0000000c   Data   RO         4327    .constdata          inv_mpu.o
    0x08007c8e   0x08007c8e   0x00000002   PAD
    0x08007c90   0x08007c90   0x00000028   Data   RO         4328    .constdata          inv_mpu.o
    0x08007cb8   0x08007cb8   0x00000bf6   Data   RO         4661    .constdata          inv_mpu_dmp_motion_driver.o
    0x080088ae   0x080088ae   0x00000002   PAD
    0x080088b0   0x080088b0   0x00000050   Data   RO         5104    .constdata          m_ws.l(asin.o)
    0x08008900   0x08008900   0x00000088   Data   RO         5122    .constdata          m_ws.l(pow.o)
    0x08008988   0x08008988   0x00000098   Data   RO         5158    .constdata          m_ws.l(atan.o)
    0x08008a20   0x08008a20   0x00000008   Data   RO         5184    .constdata          m_ws.l(qnan.o)
    0x08008a28   0x08008a28   0x0000001d   Data   RO          241    .conststring        freertos.o
    0x08008a45   0x08008a45   0x00000003   PAD
    0x08008a48   0x08008a48   0x00000020   Data   RO         5374    Region$$Table       anon$$obj.o


    Execution Region RW_IRAM1 (Exec base: 0x20000000, Load base: 0x08008a68, Size: 0x00002080, Max: 0x00005000, ABSOLUTE)

    Exec Addr    Load Addr    Size         Type   Attr      Idx    E Section Name        Object

    0x20000000   0x08008a68   0x00000018   Data   RW          243    .data               freertos.o
    0x20000018   0x08008a80   0x0000000c   Data   RW          487    .data               stm32f1xx_hal.o
    0x20000024   0x08008a8c   0x00000004   Data   RW         2416    .data               system_stm32f1xx.o
    0x20000028   0x08008a90   0x0000003c   Data   RW         3072    .data               tasks.o
    0x20000064   0x08008acc   0x00000014   Data   RW         3388    .data               timers.o
    0x20000078   0x08008ae0   0x00000004   Data   RW         3585    .data               cmsis_os2.o
    0x2000007c   0x08008ae4   0x00000018   Data   RW         3948    .data               heap_4.o
    0x20000094   0x08008afc   0x0000000c   Data   RW         3999    .data               port.o
    0x200000a0   0x08008b08   0x00000035   Data   RW         4329    .data               inv_mpu.o
    0x200000d5   0x08008b3d   0x00000003   PAD
    0x200000d8        -       0x00000018   Zero   RW          238    .bss                freertos.o
    0x200000f0        -       0x00000048   Zero   RW          390    .bss                stm32f1xx_hal_timebase_tim.o
    0x20000138        -       0x00000040   Zero   RW         2655    .bss                queue.o
    0x20000178        -       0x000004c4   Zero   RW         3071    .bss                tasks.o
    0x2000063c        -       0x00000118   Zero   RW         3387    .bss                timers.o
    0x20000754        -       0x000006b8   Zero   RW         3584    .bss                cmsis_os2.o
    0x20000e0c        -       0x00000c00   Zero   RW         3947    .bss                heap_4.o
    0x20001a0c        -       0x00000010   Zero   RW         4660    .bss                inv_mpu_dmp_motion_driver.o
    0x20001a1c        -       0x00000060   Zero   RW         5228    .bss                c_w.l(libspace.o)
    0x20001a7c   0x08008b3d   0x00000004   PAD
    0x20001a80        -       0x00000200   Zero   RW            2    HEAP                startup_stm32f103xb.o
    0x20001c80        -       0x00000400   Zero   RW            1    STACK               startup_stm32f103xb.o


==============================================================================

Image component sizes


      Code (inc. data)   RO Data    RW Data    ZI Data      Debug   Object Name

       380         32          0          4       1720      14298   cmsis_os2.o
         0          0          0          0          0      20196   event_groups.o
       152         26        101         24         24       5823   freertos.o
       168         14          0          0          0        951   gpio.o
       460         24          0         24       3072       4651   heap_4.o
       600         44          0          0          0       5447   iic.o
      5108        208         79         53          0      31744   inv_mpu.o
      2378        120       3062          0         16      19638   inv_mpu_dmp_motion_driver.o
       138          0          0          0          0       3378   list.o
       230         30          0          0          0     427636   main.o
       772          6          0          0          0       5919   mpu6050.o
       862         36       1520          0          0       8111   oled.o
       662         70          0         12          0      10745   port.o
      1512         20          0          0         64      16824   queue.o
        64         26        236          0       1536        804   startup_stm32f103xb.o
       100         18          0         12          0       5206   stm32f1xx_hal.o
       158         14          0          0          0      28170   stm32f1xx_hal_cortex.o
       500         34          0          0          0       3487   stm32f1xx_hal_gpio.o
        72         10          0          0          0        858   stm32f1xx_hal_msp.o
      1272         82         18          0          0       5142   stm32f1xx_hal_rcc.o
       654         26          0          0          0       7008   stm32f1xx_hal_tim.o
         4          0          0          0          0       1561   stm32f1xx_hal_tim_ex.o
       140         22          0          0         72       1407   stm32f1xx_hal_timebase_tim.o
        24          6          0          0          0       2982   stm32f1xx_it.o
         0          0          0          0          0       8944   stream_buffer.o
         2          0         24          4          0       1095   system_stm32f1xx.o
      2064        170          0         60       1220      23096   tasks.o
       912         82          0         20        280      25939   timers.o

    ----------------------------------------------------------------------
     19416       1120       5080        216       8004     691060   Object Totals
         0          0         32          0          0          0   (incl. Generated)
        28          0          8          3          0          0   (incl. Padding)

    ----------------------------------------------------------------------

      Code (inc. data)   RO Data    RW Data    ZI Data      Debug   Library Member Name

         8          0          0          0          0         68   __main.o
         0          0          0          0          0          0   __rtentry.o
        12          0          0          0          0          0   __rtentry2.o
         6          0          0          0          0          0   __rtentry4.o
        52          8          0          0          0          0   __scatter.o
        26          0          0          0          0          0   __scatter_copy.o
        28          0          0          0          0          0   __scatter_zi.o
        22          0          0          0          0        100   _rserrno.o
        16          0          0          0          0         68   aeabi_memset.o
        18          0          0          0          0         80   exit.o
         6          0          0          0          0        152   heapauxi.o
         0          0          0          0          0          0   indicate_semi.o
         2          0          0          0          0          0   libinit.o
         2          0          0          0          0          0   libinit2.o
         2          0          0          0          0          0   libshutdown.o
         2          0          0          0          0          0   libshutdown2.o
         8          4          0          0         96         68   libspace.o
        72          0          0          0          0         76   llsdiv.o
       238          0          0          0          0        100   lludivv7m.o
        88          0          0          0          0         76   memcmp.o
         8          4          0          0          0         68   rt_errno_addr_intlibspace.o
        68          0          0          0          0         68   rt_memclr.o
        78          0          0          0          0         80   rt_memclr_w.o
       138          0          0          0          0         68   rt_memcpy_v6.o
       100          0          0          0          0         80   rt_memcpy_w.o
         2          0          0          0          0          0   rtexit.o
        10          0          0          0          0          0   rtexit2.o
        12          4          0          0          0         68   sys_exit.o
        74          0          0          0          0         80   sys_stackheap_outer.o
         2          0          0          0          0         68   use_no_semi.o
        98          4          0          0          0         92   d2f.o
       826         16          0          0          0        348   daddsub_clz.o
        16          4          0          0          0         68   dcheck1.o
        24          0          0          0          0         68   dcmpi.o
       688        140          0          0          0        208   ddiv.o
       120          4          0          0          0         92   deqf.o
        90          4          0          0          0         92   dfixu.o
        84          0          0          0          0        136   dflt_clz.o
       120          4          0          0          0         92   dleqf.o
       340         12          0          0          0        104   dmul.o
       156          4          0          0          0         92   dnaninf.o
        12          0          0          0          0         68   dretinf.o
       108          0          0          0          0         80   drleqf.o
       460         56          0          0          0        120   dsqrt_noumaal.o
        86          4          0          0          0         84   f2d.o
       430          8          0          0          0        168   faddsub_clz.o
        12          4          0          0          0         68   fcheck1.o
       388         76          0          0          0         96   fdiv.o
        54          4          0          0          0         84   ffix.o
        62          4          0          0          0         84   ffixu.o
        86          0          0          0          0        136   fflt_clz.o
       258          4          0          0          0         84   fmul.o
       140          4          0          0          0         84   fnaninf.o
        10          0          0          0          0         68   fretinf.o
       100          0          0          0          0         68   retnan.o
        92          0          0          0          0         68   scalbn.o
        76          0          0          0          0         68   scalbnf.o
        48          0          0          0          0         68   trapv.o
         0          0          0          0          0          0   usenofp.o
       624         52         80          0          0        168   asin.o
       544         70        152          0          0        124   atan.o
       412         38          0          0          0        144   atan2.o
        68         10          0          0          0        408   dunder.o
        40          0          0          0          0         68   fpclassify.o
       170          0          0          0          0         96   poly.o
      2520        190        136          0          0        324   pow.o
         0          0          8          0          0          0   qnan.o
        76          0          0          0          0         84   sqrt.o

    ----------------------------------------------------------------------
     10560        736        376          0        100       5672   Library Totals
        22          0          0          0          4          0   (incl. Padding)

    ----------------------------------------------------------------------

      Code (inc. data)   RO Data    RW Data    ZI Data      Debug   Library Name

      1100         20          0          0         96       1368   c_w.l
      4984        356          0          0          0       2888   fz_ws.l
      4454        360        376          0          0       1416   m_ws.l

    ----------------------------------------------------------------------
     10560        736        376          0        100       5672   Library Totals

    ----------------------------------------------------------------------

==============================================================================


      Code (inc. data)   RO Data    RW Data    ZI Data      Debug   

     29976       1856       5456        216       8104     683780   Grand Totals
     29976       1856       5456        216       8104     683780   ELF Image Totals
     29976       1856       5456        216          0          0   ROM Totals

==============================================================================

    Total RO  Size (Code + RO Data)                35432 (  34.60kB)
    Total RW  Size (RW Data + ZI Data)              8320 (   8.13kB)
    Total ROM Size (Code + RO Data + RW Data)      35648 (  34.81kB)

==============================================================================

